BL51 BANKED LINKER/LOCATER V6.22                                                        06/16/2016  19:33:40  PAGE 1


BL51 BANKED LINKER/LOCATER V6.22, INVOKED BY:
D:\KEIL_V5\C51\BIN\BL51.EXE .\Objects\STARTUP.obj, .\Objects\FlashFunction.obj, .\Objects\init.obj, .\Objects\LD9900MT.o
>> bj, .\Objects\UtilsFunction.obj, .\Objects\DS1302.obj, .\Objects\SC50X0B.obj TO .\Objects\SmartEntry上板 PRINT (.\Lis
>> tings\SmartEntry上板.m51) RAMSIZE (256) CODE (0X1000-0X7E00, ?C_C51STARTUP (1000H))


MEMORY MODEL: LARGE


INPUT MODULES INCLUDED:
  .\Objects\STARTUP.obj (?C_STARTUP)
  .\Objects\FlashFunction.obj (FLASHFUNCTION)
  .\Objects\init.obj (INIT)
  .\Objects\LD9900MT.obj (LD9900MT)
  .\Objects\UtilsFunction.obj (UTILSFUNCTION)
  .\Objects\DS1302.obj (DS1302)
  .\Objects\SC50X0B.obj (SC50X0B)
  D:\KEIL_V5\C51\LIB\C51L.LIB (?C_INIT)
  D:\KEIL_V5\C51\LIB\C51L.LIB (?C?COPY)
  D:\KEIL_V5\C51\LIB\C51L.LIB (?C?CLDPTR)
  D:\KEIL_V5\C51\LIB\C51L.LIB (?C?CLDOPTR)
  D:\KEIL_V5\C51\LIB\C51L.LIB (?C?CILDOPTR)
  D:\KEIL_V5\C51\LIB\C51L.LIB (?C?CSTPTR)
  D:\KEIL_V5\C51\LIB\C51L.LIB (?C?CSTOPTR)
  D:\KEIL_V5\C51\LIB\C51L.LIB (?C?IMUL)
  D:\KEIL_V5\C51\LIB\C51L.LIB (?C?IILDX)
  D:\KEIL_V5\C51\LIB\C51L.LIB (?C?ILDIX)
  D:\KEIL_V5\C51\LIB\C51L.LIB (?C?ISTPTR)
  D:\KEIL_V5\C51\LIB\C51L.LIB (?C?LMUL)
  D:\KEIL_V5\C51\LIB\C51L.LIB (?C?LNOT)
  D:\KEIL_V5\C51\LIB\C51L.LIB (?C?ULCMP)
  D:\KEIL_V5\C51\LIB\C51L.LIB (?C?ULSHR)
  D:\KEIL_V5\C51\LIB\C51L.LIB (?C?LLDCODE)
  D:\KEIL_V5\C51\LIB\C51L.LIB (?C?LLDCODE0)
  D:\KEIL_V5\C51\LIB\C51L.LIB (?C?LSTXDATA)
  D:\KEIL_V5\C51\LIB\C51L.LIB (?C?LSTKXDATA)
  D:\KEIL_V5\C51\LIB\C51L.LIB (?C?MEMSET)


LINK MAP OF MODULE:  .\Objects\SmartEntry上板 (?C_STARTUP)


            TYPE    BASE      LENGTH    RELOCATION   SEGMENT NAME
            -----------------------------------------------------

            * * * * * * *   D A T A   M E M O R Y   * * * * * * *
            REG     0000H     0008H     ABSOLUTE     "REG BANK 0"
            REG     0008H     0008H     ABSOLUTE     "REG BANK 1"
                    0010H     0010H                  *** GAP ***
            BIT     0020H.0   0000H.7   UNIT         ?BI?UTILSFUNCTION
            BIT     0020H.7   0000H.2   UNIT         _BIT_GROUP_
                    0021H.1   0000H.7                *** GAP ***
            IDATA   0022H     0001H     UNIT         ?STACK

            * * * * * * *  X D A T A   M E M O R Y  * * * * * * *
            XDATA   0000H     0A95H     UNIT         ?XD?UTILSFUNCTION
            XDATA   0A95H     01B5H     UNIT         _XDATA_GROUP_
            XDATA   0C4AH     000DH     UNIT         ?XD?_FLASH_W25Q64_FILL?FLASHFUNCTION
BL51 BANKED LINKER/LOCATER V6.22                                                      06/16/2016  19:33:40  PAGE 2


            XDATA   0C57H     000AH     UNIT         ?XD?_SEARCHFINGERSTORENUMBER?UTILSFUNCTION
            XDATA   0C61H     0006H     UNIT         ?XD?_LD9900MT_SETSYSPARM?LD9900MT
            XDATA   0C67H     0004H     UNIT         ?XD?_LD9900MT_TEMPLATENUM?LD9900MT
            XDATA   0C6BH     0004H     UNIT         ?XD?_LD9900MT_GETSYSPARM?LD9900MT
            XDATA   0C6FH     0004H     UNIT         ?XD?_DS1302_SET_TIME?DS1302
            XDATA   0C73H     0003H     UNIT         ?XD?_DS1302_READ_TIME?DS1302
            XDATA   0C76H     0001H     UNIT         ?XD?SFLASH_READID?FLASHFUNCTION

            * * * * * * *   C O D E   M E M O R Y   * * * * * * *
            CODE    0000H     00BEH     ABSOLUTE     
                    00BEH     0F42H                  *** GAP ***
            CODE    1000H     008CH     UNIT         ?C_C51STARTUP
            CODE    108CH     0AEAH     UNIT         ?C_INITSEG
            CODE    1B76H     036DH     UNIT         ?PR?_LD9900MT_DOWNCHAR_REDATAPROC?LD9900MT
            CODE    1EE3H     0101H     UNIT         ?CO?LD9900MT
            CODE    1FE4H     001BH     UNIT         ?PR?_DS1302_WRITE_BYTE?DS1302
                    1FFFH     0004H                  *** GAP ***
            CODE    2003H     0003H     ABSOLUTE     
                    2006H     0005H                  *** GAP ***
            CODE    200BH     0003H     ABSOLUTE     
            CODE    200EH     0013H     UNIT         ?PR?TIMER0INIT?INIT
                    2021H     0002H                  *** GAP ***
            CODE    2023H     0003H     ABSOLUTE     
            CODE    2026H     001AH     UNIT         ?PR?SFLASH_WAITFORWRITEEND?FLASHFUNCTION
                    2040H     0003H                  *** GAP ***
            CODE    2043H     0003H     ABSOLUTE     
            CODE    2046H     0045H     UNIT         ?PR?_FLASH_BYTEREAD?FLASHFUNCTION
            CODE    208BH     0003H     ABSOLUTE     
                    208EH     0005H                  *** GAP ***
            CODE    2093H     0003H     ABSOLUTE     
            CODE    2096H     0AA9H     UNIT         ?PR?EXINT0_DATA_DEAL?UTILSFUNCTION
            CODE    2B3FH     0898H     UNIT         ?PR?_FLASH_W25Q64_CLEAR?FLASHFUNCTION
            CODE    33D7H     0722H     UNIT         ?PR?_SEARCH_IDORERWEIMA_INFO?UTILSFUNCTION
            CODE    3AF9H     063EH     UNIT         ?PR?_DELETE_IDORERWEIMA_INFO?UTILSFUNCTION
            CODE    4137H     063CH     UNIT         ?PR?_STORE_IDORERWEIMA_DATA?UTILSFUNCTION
            CODE    4773H     0309H     UNIT         ?C?LIB_CODE
            CODE    4A7CH     02B4H     UNIT         ?PR?UART2_DATA_DEAL?UTILSFUNCTION
            CODE    4D30H     0257H     UNIT         ?PR?UART4_DATA_DEAL?UTILSFUNCTION
            CODE    4F87H     0257H     UNIT         ?CO?UTILSFUNCTION
            CODE    51DEH     0242H     UNIT         ?PR?_FE_DATA_ORGANIZE?UTILSFUNCTION
            CODE    5420H     0198H     UNIT         ?PR?_LD9900MT_UPCHARDATAPROC?LD9900MT
            CODE    55B8H     015AH     UNIT         ?PR?UART3_DATA_DEAL?UTILSFUNCTION
            CODE    5712H     0132H     UNIT         ?PR?_FLASH_W25Q64_COPY?FLASHFUNCTION
            CODE    5844H     00FFH     UNIT         ?PR?_SEARCHFINGERSTORENUMBER?UTILSFUNCTION
            CODE    5943H     00DBH     UNIT         ?PR?TIMER0_INTRUPT_FUNCTION?UTILSFUNCTION
            CODE    5A1EH     00D5H     UNIT         ?PR?_LD9900MT_SEARCH?LD9900MT
            CODE    5AF3H     00CDH     UNIT         ?PR?_SEQUENTIAL_WRITE_FLASH_IN_ONE_SECTOR?FLASHFUNCTION
            CODE    5BC0H     00BFH     UNIT         ?PR?POLL_FINGER_MODULE?UTILSFUNCTION
            CODE    5C7FH     00AEH     UNIT         ?PR?_LD9900MT_CMDPORCESS?LD9900MT
            CODE    5D2DH     00ADH     UNIT         ?PR?SYSTEM_SETPARAINIT?INIT
            CODE    5DDAH     00A6H     UNIT         ?PR?_FLASH_W25Q64_WRITE?FLASHFUNCTION
            CODE    5E80H     00A6H     UNIT         ?PR?_LD9900MT_READFPFLASH?LD9900MT
            CODE    5F26H     00A1H     UNIT         ?PR?LD9900MT_SEARCHEMPTY?LD9900MT
            CODE    5FC7H     00A0H     UNIT         ?PR?_FLASH_W25Q64_READ?FLASHFUNCTION
            CODE    6067H     009CH     UNIT         ?PR?_LD9900MT_DELETECHAR?LD9900MT
            CODE    6103H     0095H     UNIT         ?PR?_MUTI_SEND_BYTE?UTILSFUNCTION
            CODE    6198H     0094H     UNIT         ?PR?_LD9900MT_LOADCHAR?LD9900MT
BL51 BANKED LINKER/LOCATER V6.22                                                      06/16/2016  19:33:40  PAGE 3


            CODE    622CH     0091H     UNIT         ?PR?_ARRAYCAT?UTILSFUNCTION
            CODE    62BDH     0091H     UNIT         ?PR?_DS1302_SET_TIME?DS1302
            CODE    634EH     008BH     UNIT         ?PR?_LD9900MT_STORE?LD9900MT
            CODE    63D9H     0087H     UNIT         ?PR?MAIN?UTILSFUNCTION
            CODE    6460H     0085H     UNIT         ?PR?_FLASH_W25Q64_FILL?FLASHFUNCTION
            CODE    64E5H     007BH     UNIT         ?PR?_LD9900MT_SETSYSPARM?LD9900MT
            CODE    6560H     007AH     UNIT         ?PR?COM2_ISR?UTILSFUNCTION
            CODE    65DAH     0079H     UNIT         ?PR?_REPLY_STATE?UTILSFUNCTION
            CODE    6653H     0078H     UNIT         ?PR?_SFLASH_READBUFFER?FLASHFUNCTION
            CODE    66CBH     0076H     UNIT         ?PR?_SFLASH_WRITEPAGE?FLASHFUNCTION
            CODE    6741H     0070H     UNIT         ?PR?_LD9900MT_GENCHAR?LD9900MT
            CODE    67B1H     006CH     UNIT         ?PR?_BYTENCMP?UTILSFUNCTION
            CODE    681DH     006AH     UNIT         ?PR?_LD9900MT_GETSYSPARM?LD9900MT
            CODE    6887H     0064H     UNIT         ?PR?_LD9900MT_DWONCHAR?LD9900MT
            CODE    68EBH     0060H     UNIT         ?PR?_LD9900MT_UPCHAR?LD9900MT
            CODE    694BH     005FH     UNIT         ?PR?_LD9900MT_MATCH?LD9900MT
            CODE    69AAH     005FH     UNIT         ?PR?_LD9900MT_TEMPLATENUM?LD9900MT
            CODE    6A09H     005CH     UNIT         ?PR?_FLASH_W25Q64_UPDATE?FLASHFUNCTION
            CODE    6A65H     005BH     UNIT         ?PR?COM3_ISR?UTILSFUNCTION
            CODE    6AC0H     0059H     UNIT         ?PR?COM4_ISR?UTILSFUNCTION
            CODE    6B19H     0056H     UNIT         ?PR?_SC50X0B_OUT?SC50X0B
            CODE    6B6FH     0053H     UNIT         ?PR?EXINT0?UTILSFUNCTION
            CODE    6BC2H     0051H     UNIT         ?PR?IO_INIT?INIT
            CODE    6C13H     004FH     UNIT         ?PR?_BUZZER_BEEP?UTILSFUNCTION
            CODE    6C62H     004EH     UNIT         ?PR?COM1_ISR?UTILSFUNCTION
            CODE    6CB0H     004DH     UNIT         ?PR?_USART4_SEND?UTILSFUNCTION
            CODE    6CFDH     004BH     UNIT         ?PR?_CMD_ATTACHDATA_ADDSUM?LD9900MT
            CODE    6D48H     0048H     UNIT         ?PR?_CMD_ADDSUM?LD9900MT
            CODE    6D90H     0048H     UNIT         ?PR?_USART1_SEND?UTILSFUNCTION
            CODE    6DD8H     0042H     UNIT         ?PR?_FLASH_BYTEWRITE?FLASHFUNCTION
            CODE    6E1AH     0041H     UNIT         ?PR?_SFLASH_64KBERASESECTOR?FLASHFUNCTION
            CODE    6E5BH     003FH     UNIT         ?PR?_FLASH_PAGEERASE?FLASHFUNCTION
            CODE    6E9AH     003EH     UNIT         ?PR?_SFLASH_ERASESECTOR?FLASHFUNCTION
            CODE    6ED8H     003DH     UNIT         ?PR?_SFLASH_SENDBYTE?FLASHFUNCTION
            CODE    6F15H     0039H     UNIT         ?PR?INIT_UART?INIT
            CODE    6F4EH     0034H     UNIT         ?PR?SFLASH_READBYTE?FLASHFUNCTION
            CODE    6F82H     0034H     UNIT         ?PR?SFLASH_READID?FLASHFUNCTION
            CODE    6FB6H     0030H     UNIT         ?PR?_DS1302_READ_TIME?DS1302
            CODE    6FE6H     0023H     UNIT         ?PR?LD9900MT_CREATETEMPLATE?LD9900MT
            CODE    7009H     0023H     UNIT         ?PR?LD9900MT_EMPTY?LD9900MT
            CODE    702CH     0021H     UNIT         ?PR?_LD9900MT_GETIMAGE?LD9900MT
            CODE    704DH     0020H     UNIT         ?PR?_DELAY_MS?UTILSFUNCTION
            CODE    706DH     0017H     UNIT         ?PR?_FLASH_W25Q64_BYTEREAD?FLASHFUNCTION
            CODE    7084H     0017H     UNIT         ?PR?DS1302_READ_BYTE?DS1302
            CODE    709BH     0016H     UNIT         ?PR?_DELAY_US?UTILSFUNCTION
            CODE    70B1H     0012H     UNIT         ?PR?_DS1302_WRITE?DS1302
            CODE    70C3H     0012H     UNIT         ?PR?_DS1302_READ?DS1302
            CODE    70D5H     0011H     UNIT         ?PR?_FLASH_W25Q64_PAGEERASE?FLASHFUNCTION
            CODE    70E6H     0011H     UNIT         ?PR?_FLASH_W25Q64_BYTEWRITE?FLASHFUNCTION
            CODE    70F7H     000FH     UNIT         ?PR?SFLASH_ERASEFLASH?FLASHFUNCTION
            CODE    7106H     000EH     UNIT         ?PR?LD9900MT_RECEIVE?LD9900MT
            CODE    7114H     000EH     UNIT         ?PR?MUTI_READ_BYTE?UTILSFUNCTION
            CODE    7122H     000DH     UNIT         ?PR?IAP_DISABLE?FLASHFUNCTION
            CODE    712FH     000DH     UNIT         ?PR?SFLASH_WRITEENABLE?FLASHFUNCTION
            CODE    713CH     000DH     UNIT         ?PR?DS1302_CLEAR_WP?DS1302
            CODE    7149H     000DH     UNIT         ?PR?DS1302_SET_WP?DS1302
            CODE    7156H     000BH     UNIT         ?PR?_DELAY?DS1302
BL51 BANKED LINKER/LOCATER V6.22                                                      06/16/2016  19:33:40  PAGE 4


            CODE    7161H     000BH     UNIT         ?PR?SC50X0B_BUSY?SC50X0B
            CODE    716CH     0009H     UNIT         ?PR?DELAY_1US?FLASHFUNCTION
            CODE    7175H     0007H     UNIT         ?PR?INT_INIT?INIT
            CODE    717CH     0007H     UNIT         ?PR?DS1302_RESET?DS1302
            CODE    7183H     0006H     UNIT         ?PR?_LD9900MT_SEND?LD9900MT



OVERLAY MAP OF MODULE:   .\Objects\SmartEntry上板 (?C_STARTUP)


SEGMENT                                             BIT_GROUP          XDATA_GROUP
  +--> CALLED SEGMENT                            START    LENGTH     START    LENGTH
------------------------------------------------------------------------------------
?C_C51STARTUP                                    -----    -----      -----    -----
  +--> ?PR?MAIN?UTILSFUNCTION
  +--> ?C_INITSEG

?PR?MAIN?UTILSFUNCTION                           -----    -----      0A95H    0002H
  +--> ?PR?IO_INIT?INIT
  +--> ?PR?INIT_UART?INIT
  +--> ?PR?TIMER0INIT?INIT
  +--> ?PR?INT_INIT?INIT
  +--> ?PR?SYSTEM_SETPARAINIT?INIT
  +--> ?PR?_DELAY_MS?UTILSFUNCTION
  +--> ?CO?UTILSFUNCTION
  +--> ?PR?_FE_DATA_ORGANIZE?UTILSFUNCTION
  +--> ?PR?_MUTI_SEND_BYTE?UTILSFUNCTION
  +--> ?PR?EXINT0_DATA_DEAL?UTILSFUNCTION
  +--> ?PR?UART2_DATA_DEAL?UTILSFUNCTION
  +--> ?PR?UART3_DATA_DEAL?UTILSFUNCTION
  +--> ?PR?UART4_DATA_DEAL?UTILSFUNCTION
  +--> ?PR?POLL_FINGER_MODULE?UTILSFUNCTION

?PR?SYSTEM_SETPARAINIT?INIT                      -----    -----      0A97H    0006H
  +--> ?PR?_FLASH_W25Q64_READ?FLASHFUNCTION

?PR?_FLASH_W25Q64_READ?FLASHFUNCTION             -----    -----      0B24H    000DH
  +--> ?PR?_FLASH_W25Q64_BYTEREAD?FLASHFUNCTION

?PR?_FLASH_W25Q64_BYTEREAD?FLASHFUNCTION         -----    -----      0B31H    0001H
  +--> ?PR?_SFLASH_READBUFFER?FLASHFUNCTION

?PR?_SFLASH_READBUFFER?FLASHFUNCTION             -----    -----      0C3CH    0009H
  +--> ?PR?_SFLASH_SENDBYTE?FLASHFUNCTION
  +--> ?PR?SFLASH_READBYTE?FLASHFUNCTION

?PR?_SFLASH_SENDBYTE?FLASHFUNCTION               -----    -----      0C46H    0002H
  +--> ?PR?DELAY_1US?FLASHFUNCTION

?PR?SFLASH_READBYTE?FLASHFUNCTION                -----    -----      0C46H    0002H
  +--> ?PR?DELAY_1US?FLASHFUNCTION

?PR?_FE_DATA_ORGANIZE?UTILSFUNCTION              0021H.0  0000H.1    0AB7H    0010H
  +--> ?CO?UTILSFUNCTION
  +--> ?PR?_ARRAYCAT?UTILSFUNCTION

BL51 BANKED LINKER/LOCATER V6.22                                                      06/16/2016  19:33:40  PAGE 5


?PR?_ARRAYCAT?UTILSFUNCTION                      -----    -----      0AFFH    000CH

?PR?_MUTI_SEND_BYTE?UTILSFUNCTION                -----    -----      0AB7H    0007H
  +--> ?PR?_DELAY_US?UTILSFUNCTION

?PR?EXINT0_DATA_DEAL?UTILSFUNCTION               -----    -----      0A97H    0017H
  +--> ?CO?UTILSFUNCTION
  +--> ?PR?_DELAY_MS?UTILSFUNCTION
  +--> ?PR?_REPLY_STATE?UTILSFUNCTION
  +--> ?PR?_BUZZER_BEEP?UTILSFUNCTION
  +--> ?PR?_MUTI_SEND_BYTE?UTILSFUNCTION
  +--> ?PR?_FE_DATA_ORGANIZE?UTILSFUNCTION
  +--> ?PR?_FLASH_W25Q64_UPDATE?FLASHFUNCTION
  +--> ?PR?_SEQUENTIAL_WRITE_FLASH_IN_ONE_SE...
  +--> ?PR?_FLASH_PAGEERASE?FLASHFUNCTION
  +--> ?PR?_FLASH_BYTEWRITE?FLASHFUNCTION
  +--> ?PR?_SFLASH_64KBERASESECTOR?FLASHFUNC...
  +--> ?PR?_STORE_IDORERWEIMA_DATA?UTILSFUNC...
  +--> ?PR?_DELETE_IDORERWEIMA_INFO?UTILSFUN...
  +--> ?PR?_LD9900MT_DOWNCHAR_REDATAPROC?LD9...
  +--> ?PR?_SEARCH_IDORERWEIMA_INFO?UTILSFUN...
  +--> ?PR?_FLASH_W25Q64_READ?FLASHFUNCTION
  +--> ?PR?_LD9900MT_DELETECHAR?LD9900MT
  +--> ?PR?LD9900MT_EMPTY?LD9900MT
  +--> ?PR?SC50X0B_BUSY?SC50X0B
  +--> ?PR?_SC50X0B_OUT?SC50X0B
  +--> ?PR?_LD9900MT_GETIMAGE?LD9900MT
  +--> ?PR?_LD9900MT_GENCHAR?LD9900MT
  +--> ?PR?_LD9900MT_SEARCH?LD9900MT
  +--> ?PR?LD9900MT_CREATETEMPLATE?LD9900MT
  +--> ?PR?LD9900MT_SEARCHEMPTY?LD9900MT
  +--> ?PR?_LD9900MT_STORE?LD9900MT
  +--> ?PR?_LD9900MT_UPCHAR?LD9900MT
  +--> ?PR?_LD9900MT_UPCHARDATAPROC?LD9900MT

?PR?_REPLY_STATE?UTILSFUNCTION                   -----    -----      0AAEH    0008H
  +--> ?CO?UTILSFUNCTION
  +--> ?PR?_FE_DATA_ORGANIZE?UTILSFUNCTION
  +--> ?PR?_MUTI_SEND_BYTE?UTILSFUNCTION

?PR?_BUZZER_BEEP?UTILSFUNCTION                   -----    -----      0AB6H    0001H
  +--> ?PR?_DELAY_MS?UTILSFUNCTION
  +--> ?CO?UTILSFUNCTION
  +--> ?PR?_FE_DATA_ORGANIZE?UTILSFUNCTION
  +--> ?PR?_MUTI_SEND_BYTE?UTILSFUNCTION

?PR?_FLASH_W25Q64_UPDATE?FLASHFUNCTION           -----    -----      0AFFH    0009H
  +--> ?PR?_FLASH_W25Q64_CLEAR?FLASHFUNCTION
  +--> ?PR?_FLASH_W25Q64_WRITE?FLASHFUNCTION

?PR?_FLASH_W25Q64_CLEAR?FLASHFUNCTION            -----    -----      0B08H    0026H
  +--> ?PR?_FLASH_W25Q64_PAGEERASE?FLASHFUNC...
  +--> ?PR?_FLASH_W25Q64_COPY?FLASHFUNCTION

?PR?_FLASH_W25Q64_PAGEERASE?FLASHFUNC...         -----    -----      -----    -----
  +--> ?PR?_SFLASH_ERASESECTOR?FLASHFUNCTION

BL51 BANKED LINKER/LOCATER V6.22                                                      06/16/2016  19:33:40  PAGE 6


?PR?_SFLASH_ERASESECTOR?FLASHFUNCTION            -----    -----      0B2EH    0004H
  +--> ?PR?SFLASH_WRITEENABLE?FLASHFUNCTION
  +--> ?PR?_SFLASH_SENDBYTE?FLASHFUNCTION
  +--> ?PR?SFLASH_WAITFORWRITEEND?FLASHFUNCTION

?PR?SFLASH_WRITEENABLE?FLASHFUNCTION             -----    -----      -----    -----
  +--> ?PR?_SFLASH_SENDBYTE?FLASHFUNCTION

?PR?SFLASH_WAITFORWRITEEND?FLASHFUNCTION         -----    -----      0C45H    0001H
  +--> ?PR?_SFLASH_SENDBYTE?FLASHFUNCTION
  +--> ?PR?SFLASH_READBYTE?FLASHFUNCTION

?PR?_FLASH_W25Q64_COPY?FLASHFUNCTION             0020H.7  0000H.1    0B2EH    010EH
  +--> ?PR?_SFLASH_READBUFFER?FLASHFUNCTION
  +--> ?PR?_SFLASH_WRITEPAGE?FLASHFUNCTION

?PR?_SFLASH_WRITEPAGE?FLASHFUNCTION              -----    -----      0C3CH    0009H
  +--> ?PR?SFLASH_WRITEENABLE?FLASHFUNCTION
  +--> ?PR?_SFLASH_SENDBYTE?FLASHFUNCTION
  +--> ?PR?SFLASH_WAITFORWRITEEND?FLASHFUNCTION

?PR?_FLASH_W25Q64_WRITE?FLASHFUNCTION            -----    -----      0B08H    000FH
  +--> ?PR?_FLASH_W25Q64_BYTEWRITE?FLASHFUNC...

?PR?_FLASH_W25Q64_BYTEWRITE?FLASHFUNC...         -----    -----      0B17H    0005H
  +--> ?PR?_SFLASH_WRITEPAGE?FLASHFUNCTION

?PR?_SEQUENTIAL_WRITE_FLASH_IN_ONE_SE...         -----    -----      0AAEH    000DH
  +--> ?PR?_FLASH_PAGEERASE?FLASHFUNCTION
  +--> ?PR?_FLASH_BYTEWRITE?FLASHFUNCTION
  +--> ?PR?_FLASH_BYTEREAD?FLASHFUNCTION
  +--> ?PR?IAP_DISABLE?FLASHFUNCTION

?PR?_FLASH_PAGEERASE?FLASHFUNCTION               -----    -----      0ABBH    0004H
  +--> ?PR?IAP_DISABLE?FLASHFUNCTION

?PR?_FLASH_BYTEWRITE?FLASHFUNCTION               -----    -----      0ABBH    0005H
  +--> ?PR?IAP_DISABLE?FLASHFUNCTION

?PR?_FLASH_BYTEREAD?FLASHFUNCTION                -----    -----      0ABBH    0004H
  +--> ?PR?IAP_DISABLE?FLASHFUNCTION

?PR?_SFLASH_64KBERASESECTOR?FLASHFUNC...         -----    -----      0AAEH    0004H
  +--> ?PR?SFLASH_WRITEENABLE?FLASHFUNCTION
  +--> ?PR?_SFLASH_SENDBYTE?FLASHFUNCTION
  +--> ?PR?SFLASH_WAITFORWRITEEND?FLASHFUNCTION

?PR?_STORE_IDORERWEIMA_DATA?UTILSFUNC...         -----    -----      0AC6H    0039H
  +--> ?CO?UTILSFUNCTION
  +--> ?PR?_ARRAYCAT?UTILSFUNCTION
  +--> ?PR?_SEARCH_IDORERWEIMA_INFO?UTILSFUN...
  +--> ?PR?_FLASH_W25Q64_BYTEREAD?FLASHFUNCTION
  +--> ?PR?_FLASH_W25Q64_WRITE?FLASHFUNCTION
  +--> ?PR?_FLASH_W25Q64_UPDATE?FLASHFUNCTION
  +--> ?PR?_FLASH_W25Q64_READ?FLASHFUNCTION

?PR?_SEARCH_IDORERWEIMA_INFO?UTILSFUN...         -----    -----      0AFFH    0025H
BL51 BANKED LINKER/LOCATER V6.22                                                      06/16/2016  19:33:40  PAGE 7


  +--> ?CO?UTILSFUNCTION
  +--> ?PR?_FLASH_W25Q64_BYTEREAD?FLASHFUNCTION
  +--> ?PR?_FLASH_W25Q64_READ?FLASHFUNCTION
  +--> ?PR?_BYTENCMP?UTILSFUNCTION

?PR?_BYTENCMP?UTILSFUNCTION                      -----    -----      0B24H    0008H

?PR?_DELETE_IDORERWEIMA_INFO?UTILSFUN...         -----    -----      0AAEH    0036H
  +--> ?CO?UTILSFUNCTION
  +--> ?PR?_FLASH_W25Q64_BYTEREAD?FLASHFUNCTION
  +--> ?PR?_SEARCH_IDORERWEIMA_INFO?UTILSFUN...
  +--> ?PR?_FLASH_W25Q64_READ?FLASHFUNCTION
  +--> ?PR?_FLASH_W25Q64_UPDATE?FLASHFUNCTION

?PR?_LD9900MT_DOWNCHAR_REDATAPROC?LD9...         -----    -----      0AAEH    0018H
  +--> ?CO?LD9900MT
  +--> ?PR?_LD9900MT_DWONCHAR?LD9900MT
  +--> ?PR?_DELAY_MS?UTILSFUNCTION
  +--> ?PR?_CMD_ATTACHDATA_ADDSUM?LD9900MT
  +--> ?PR?_CMD_ADDSUM?LD9900MT
  +--> ?PR?_LD9900MT_CMDPORCESS?LD9900MT
  +--> ?PR?_SEARCH_IDORERWEIMA_INFO?UTILSFUN...
  +--> ?PR?_FLASH_W25Q64_READ?FLASHFUNCTION
  +--> ?PR?_LD9900MT_LOADCHAR?LD9900MT
  +--> ?PR?_LD9900MT_MATCH?LD9900MT
  +--> ?PR?_STORE_IDORERWEIMA_DATA?UTILSFUNC...
  +--> ?PR?LD9900MT_SEARCHEMPTY?LD9900MT
  +--> ?PR?_LD9900MT_STORE?LD9900MT
  +--> ?PR?_FLASH_W25Q64_UPDATE?FLASHFUNCTION
  +--> ?PR?_FLASH_W25Q64_WRITE?FLASHFUNCTION

?PR?_LD9900MT_DWONCHAR?LD9900MT                  -----    -----      0AC6H    0004H
  +--> ?CO?LD9900MT
  +--> ?PR?_CMD_ADDSUM?LD9900MT
  +--> ?PR?_LD9900MT_CMDPORCESS?LD9900MT

?PR?_CMD_ADDSUM?LD9900MT                         -----    -----      0AF1H    0005H

?PR?_LD9900MT_CMDPORCESS?LD9900MT                -----    -----      0AF1H    000CH
  +--> ?CO?LD9900MT
  +--> ?PR?_LD9900MT_SEND?LD9900MT
  +--> ?PR?LD9900MT_RECEIVE?LD9900MT
  +--> ?PR?_DELAY_MS?UTILSFUNCTION

?PR?_LD9900MT_SEND?LD9900MT                      -----    -----      -----    -----
  +--> ?PR?_USART1_SEND?UTILSFUNCTION

?PR?_USART1_SEND?UTILSFUNCTION                   -----    -----      0AFDH    0005H

?PR?_CMD_ATTACHDATA_ADDSUM?LD9900MT              -----    -----      0AC6H    0005H

?PR?_LD9900MT_LOADCHAR?LD9900MT                  -----    -----      0AC6H    0008H
  +--> ?CO?LD9900MT
  +--> ?PR?_CMD_ADDSUM?LD9900MT
  +--> ?PR?_LD9900MT_CMDPORCESS?LD9900MT

?PR?_LD9900MT_MATCH?LD9900MT                     -----    -----      0AC6H    0004H
BL51 BANKED LINKER/LOCATER V6.22                                                      06/16/2016  19:33:40  PAGE 8


  +--> ?CO?LD9900MT
  +--> ?PR?_LD9900MT_CMDPORCESS?LD9900MT

?PR?LD9900MT_SEARCHEMPTY?LD9900MT                -----    -----      0AC6H    0023H
  +--> ?CO?LD9900MT
  +--> ?PR?_LD9900MT_READFPFLASH?LD9900MT

?PR?_LD9900MT_READFPFLASH?LD9900MT               -----    -----      0AE9H    0008H
  +--> ?CO?LD9900MT
  +--> ?PR?_CMD_ADDSUM?LD9900MT
  +--> ?PR?_LD9900MT_CMDPORCESS?LD9900MT

?PR?_LD9900MT_STORE?LD9900MT                     -----    -----      0AC6H    0008H
  +--> ?CO?LD9900MT
  +--> ?PR?_CMD_ADDSUM?LD9900MT
  +--> ?PR?_LD9900MT_CMDPORCESS?LD9900MT

?PR?_LD9900MT_DELETECHAR?LD9900MT                -----    -----      0AAEH    000AH
  +--> ?CO?LD9900MT
  +--> ?PR?_CMD_ADDSUM?LD9900MT
  +--> ?PR?_LD9900MT_CMDPORCESS?LD9900MT

?PR?LD9900MT_EMPTY?LD9900MT                      -----    -----      -----    -----
  +--> ?CO?LD9900MT
  +--> ?PR?_LD9900MT_CMDPORCESS?LD9900MT

?PR?_SC50X0B_OUT?SC50X0B                         -----    -----      0C48H    0002H
  +--> ?PR?_DELAY_MS?UTILSFUNCTION
  +--> ?PR?_DELAY_US?UTILSFUNCTION

?PR?_LD9900MT_GETIMAGE?LD9900MT                  -----    -----      -----    -----
  +--> ?CO?LD9900MT
  +--> ?PR?_LD9900MT_CMDPORCESS?LD9900MT

?PR?_LD9900MT_GENCHAR?LD9900MT                   -----    -----      0AAEH    0006H
  +--> ?CO?LD9900MT
  +--> ?PR?_CMD_ADDSUM?LD9900MT
  +--> ?PR?_LD9900MT_CMDPORCESS?LD9900MT

?PR?_LD9900MT_SEARCH?LD9900MT                    -----    -----      0AAEH    000FH
  +--> ?CO?LD9900MT
  +--> ?PR?_CMD_ADDSUM?LD9900MT
  +--> ?PR?_LD9900MT_CMDPORCESS?LD9900MT

?PR?LD9900MT_CREATETEMPLATE?LD9900MT             -----    -----      -----    -----
  +--> ?CO?LD9900MT
  +--> ?PR?_LD9900MT_CMDPORCESS?LD9900MT

?PR?_LD9900MT_UPCHAR?LD9900MT                    -----    -----      0AAEH    0004H
  +--> ?CO?LD9900MT
  +--> ?PR?_CMD_ADDSUM?LD9900MT
  +--> ?PR?_LD9900MT_CMDPORCESS?LD9900MT

?PR?_LD9900MT_UPCHARDATAPROC?LD9900MT            -----    -----      0AAEH    0005H
  +--> ?PR?_FE_DATA_ORGANIZE?UTILSFUNCTION
  +--> ?PR?_MUTI_SEND_BYTE?UTILSFUNCTION

BL51 BANKED LINKER/LOCATER V6.22                                                      06/16/2016  19:33:40  PAGE 9


?PR?UART2_DATA_DEAL?UTILSFUNCTION                -----    -----      0A97H    0009H
  +--> ?CO?UTILSFUNCTION
  +--> ?PR?_ARRAYCAT?UTILSFUNCTION
  +--> ?PR?_FE_DATA_ORGANIZE?UTILSFUNCTION
  +--> ?PR?_MUTI_SEND_BYTE?UTILSFUNCTION
  +--> ?PR?_SEARCH_IDORERWEIMA_INFO?UTILSFUN...
  +--> ?PR?_BUZZER_BEEP?UTILSFUNCTION

?PR?UART3_DATA_DEAL?UTILSFUNCTION                -----    -----      0A97H    0001H
  +--> ?PR?_DELAY_MS?UTILSFUNCTION
  +--> ?CO?UTILSFUNCTION
  +--> ?PR?_FE_DATA_ORGANIZE?UTILSFUNCTION
  +--> ?PR?_MUTI_SEND_BYTE?UTILSFUNCTION
  +--> ?PR?_FLASH_W25Q64_UPDATE?FLASHFUNCTION
  +--> ?PR?_BUZZER_BEEP?UTILSFUNCTION
  +--> ?PR?_REPLY_STATE?UTILSFUNCTION
  +--> ?PR?_FLASH_W25Q64_PAGEERASE?FLASHFUNC...

?PR?UART4_DATA_DEAL?UTILSFUNCTION                -----    -----      0A97H    001FH
  +--> ?CO?UTILSFUNCTION
  +--> ?PR?_USART4_SEND?UTILSFUNCTION
  +--> ?PR?_DELAY_MS?UTILSFUNCTION
  +--> ?PR?_FE_DATA_ORGANIZE?UTILSFUNCTION
  +--> ?PR?_MUTI_SEND_BYTE?UTILSFUNCTION
  +--> ?PR?_SEARCH_IDORERWEIMA_INFO?UTILSFUN...
  +--> ?PR?_BUZZER_BEEP?UTILSFUNCTION

?PR?_USART4_SEND?UTILSFUNCTION                   -----    -----      0AB6H    0005H

?PR?POLL_FINGER_MODULE?UTILSFUNCTION             0020H.7  0000H.1    0A97H    0007H
  +--> ?CO?UTILSFUNCTION
  +--> ?PR?_LD9900MT_GETIMAGE?LD9900MT
  +--> ?PR?_LD9900MT_GENCHAR?LD9900MT
  +--> ?PR?_LD9900MT_SEARCH?LD9900MT
  +--> ?PR?_LD9900MT_UPCHAR?LD9900MT
  +--> ?PR?_LD9900MT_UPCHARDATAPROC?LD9900MT
  +--> ?PR?_DELAY_MS?UTILSFUNCTION
  +--> ?PR?_BUZZER_BEEP?UTILSFUNCTION

*** NEW ROOT ***************************************************

?PR?TIMER0_INTRUPT_FUNCTION?UTILSFUNC...         -----    -----      -----    -----
  +--> ?PR?SC50X0B_BUSY?SC50X0B
  +--> ?PR?_SC50X0B_OUT?SC50X0B

*** NEW ROOT ***************************************************

?PR?EXINT0?UTILSFUNCTION                         -----    -----      -----    -----
  +--> ?PR?MUTI_READ_BYTE?UTILSFUNCTION



SYMBOL TABLE OF MODULE:  .\Objects\SmartEntry上板 (?C_STARTUP)

  VALUE           TYPE          NAME
  ----------------------------------

BL51 BANKED LINKER/LOCATER V6.22                                                      06/16/2016  19:33:40  PAGE 10


  -------         MODULE        ?C_STARTUP
  C:1000H         SEGMENT       ?C_C51STARTUP
  I:0022H         SEGMENT       ?STACK
  C:0000H         PUBLIC        ?C_STARTUP
  D:00E0H         SYMBOL        ACC
  D:00F0H         SYMBOL        B
  D:0083H         SYMBOL        DPH
  D:0082H         SYMBOL        DPL
  N:0000H         SYMBOL        IBPSTACK
  N:0100H         SYMBOL        IBPSTACKTOP
  N:0080H         SYMBOL        IDATALEN
  C:1003H         SYMBOL        IDATALOOP
  N:0000H         SYMBOL        PBPSTACK
  N:0100H         SYMBOL        PBPSTACKTOP
  N:0000H         SYMBOL        PDATALEN
  N:0000H         SYMBOL        PDATASTART
  N:0000H         SYMBOL        PPAGE
  N:0000H         SYMBOL        PPAGEENABLE
  D:00A0H         SYMBOL        PPAGE_SFR
  D:0081H         SYMBOL        SP
  C:1000H         SYMBOL        STARTUP1
  N:0000H         SYMBOL        XBPSTACK
  N:0000H         SYMBOL        XBPSTACKTOP
  N:0000H         SYMBOL        XDATALEN
  N:0000H         SYMBOL        XDATASTART
  C:0000H         LINE#         126
  C:0003H         LINE#         128
  C:000BH         LINE#         130
  C:0013H         LINE#         132
  C:001BH         LINE#         134
  C:0023H         LINE#         136
  C:002BH         LINE#         138
  C:0033H         LINE#         140
  C:003BH         LINE#         142
  C:0043H         LINE#         144
  C:004BH         LINE#         146
  C:0053H         LINE#         148
  C:005BH         LINE#         150
  C:0063H         LINE#         152
  C:006BH         LINE#         154
  C:0073H         LINE#         156
  C:007BH         LINE#         158
  C:0083H         LINE#         160
  C:008BH         LINE#         162
  C:0093H         LINE#         164
  C:009BH         LINE#         166
  C:00A3H         LINE#         168
  C:00ABH         LINE#         170
  C:00B3H         LINE#         172
  C:00BBH         LINE#         174
  C:1000H         LINE#         180
  C:1002H         LINE#         181
  C:1003H         LINE#         182
  C:1004H         LINE#         183
  C:1006H         LINE#         232
  C:1009H         LINE#         243
  -------         ENDMOD        ?C_STARTUP
BL51 BANKED LINKER/LOCATER V6.22                                                      06/16/2016  19:33:40  PAGE 11



  -------         MODULE        FLASHFUNCTION
  C:0000H         SYMBOL        _ICE_DUMMY_
  D:0080H         PUBLIC        P0
  D:0090H         PUBLIC        P1
  D:00A0H         PUBLIC        P2
  D:00B0H         PUBLIC        P3
  D:00C0H         PUBLIC        P4
  D:00C8H         PUBLIC        P5
  B:00A8H.7       PUBLIC        EA
  D:00E8H         PUBLIC        P6
  D:00F8H         PUBLIC        P7
  D:00A8H         PUBLIC        IE
  D:00C5H         PUBLIC        IAP_CMD
  C:6A09H         PUBLIC        _FLASH_W25Q64_Update
  C:5AF3H         PUBLIC        _sequential_write_flash_in_one_sector
  C:2B3FH         PUBLIC        _FLASH_W25Q64_Clear
  D:00B8H         PUBLIC        IP
  C:7132H         PUBLIC        sFLASH_WriteEnable
  C:70E3H         PUBLIC        _FLASH_W25Q64_PageErase
  D:00C3H         PUBLIC        IAP_ADDRH
  C:665AH         PUBLIC        _sFLASH_ReadBuffer
  D:00D8H         PUBLIC        CCON
  D:00C4H         PUBLIC        IAP_ADDRL
  C:6E1AH         PUBLIC        _sFLASH_64KBEraseSector
  C:70F7H         PUBLIC        sFLASH_EraseFlash
  C:5FC7H         PUBLIC        _FLASH_W25Q64_Read
  C:6E9AH         PUBLIC        _sFLASH_EraseSector
  C:2026H         PUBLIC        sFLASH_WaitForWriteEnd
  D:0098H         PUBLIC        SCON
  C:6460H         PUBLIC        _FLASH_W25Q64_Fill
  D:0088H         PUBLIC        TCON
  C:5DDAH         PUBLIC        _FLASH_W25Q64_Write
  C:706DH         PUBLIC        _FLASH_W25Q64_ByteRead
  C:6E5BH         PUBLIC        _FLASH_PageErase
  D:00C7H         PUBLIC        IAP_CONTR
  C:5740H         PUBLIC        _FLASH_W25Q64_Copy
  C:6F82H         PUBLIC        sFLASH_ReadID
  C:70E6H         PUBLIC        _FLASH_W25Q64_ByteWrite
  C:66D2H         PUBLIC        _sFLASH_WritePage
  D:00C2H         PUBLIC        IAP_DATA
  C:6F4EH         PUBLIC        sFLASH_ReadByte
  B:0080H.5       PUBLIC        WDI
  C:2046H         PUBLIC        _FLASH_ByteRead
  B:0080H.6       PUBLIC        WCK
  C:6EE7H         PUBLIC        _sFLASH_SendByte
  B:0080H.7       PUBLIC        WDO
  C:716CH         PUBLIC        Delay_1us
  B:0080H.4       PUBLIC        WCS
  D:00C6H         PUBLIC        IAP_TRIG
  C:7122H         PUBLIC        IAP_Disable
  C:6DD8H         PUBLIC        _FLASH_ByteWrite
  D:00D0H         PUBLIC        PSW
  -------         PROC          _FLASH_BYTEWRITE
  X:0ABBH         SYMBOL        addr
  X:0ABFH         SYMBOL        byte
  C:6DD8H         LINE#         7
BL51 BANKED LINKER/LOCATER V6.22                                                      06/16/2016  19:33:40  PAGE 12


  C:6DDEH         LINE#         8
  C:6DDEH         LINE#         9
  C:6DE1H         LINE#         10
  C:6DE4H         LINE#         11
  C:6DF8H         LINE#         12
  C:6E08H         LINE#         14
  C:6E0CH         LINE#         15
  C:6E0EH         LINE#         16
  C:6E11H         LINE#         17
  C:6E14H         LINE#         18
  C:6E15H         LINE#         19
  C:6E17H         LINE#         20
  -------         ENDPROC       _FLASH_BYTEWRITE
  -------         PROC          _FLASH_BYTEREAD
  X:0ABBH         SYMBOL        addr
  C:2046H         LINE#         28
  C:204CH         LINE#         29
  C:204CH         LINE#         30
  C:204FH         LINE#         31
  C:2052H         LINE#         32
  C:2055H         LINE#         34
  C:2069H         LINE#         35
  C:207AH         LINE#         37
  C:207CH         LINE#         38
  C:207FH         LINE#         39
  C:2082H         LINE#         40
  C:2083H         LINE#         41
  C:2085H         LINE#         42
  C:2088H         LINE#         44
  C:208AH         LINE#         45
  -------         ENDPROC       _FLASH_BYTEREAD
  -------         PROC          _FLASH_PAGEERASE
  X:0ABBH         SYMBOL        addr
  C:6E5BH         LINE#         54
  C:6E61H         LINE#         55
  C:6E61H         LINE#         57
  C:6E64H         LINE#         58
  C:6E67H         LINE#         60
  C:6E7BH         LINE#         61
  C:6E8CH         LINE#         63
  C:6E8EH         LINE#         64
  C:6E91H         LINE#         65
  C:6E94H         LINE#         66
  C:6E95H         LINE#         68
  C:6E97H         LINE#         69
  -------         ENDPROC       _FLASH_PAGEERASE
  -------         PROC          IAP_DISABLE
  C:7122H         LINE#         72
  C:7122H         LINE#         73
  C:7122H         LINE#         76
  C:7125H         LINE#         77
  C:7127H         LINE#         78
  C:7129H         LINE#         79
  C:712CH         LINE#         80
  C:712EH         LINE#         81
  -------         ENDPROC       IAP_DISABLE
  -------         PROC          _SEQUENTIAL_WRITE_FLASH_IN_ONE_SECTOR
BL51 BANKED LINKER/LOCATER V6.22                                                      06/16/2016  19:33:40  PAGE 13


  X:0AAEH         SYMBOL        begin_addr
  X:0AB0H         SYMBOL        counter
  X:0AB2H         SYMBOL        array
  -------         DO            
  X:0AB5H         SYMBOL        i
  X:0AB7H         SYMBOL        in_sector_begin_addr
  X:0AB9H         SYMBOL        sector_addr
  -------         ENDDO         
  C:5AF3H         LINE#         87
  C:5B0AH         LINE#         88
  C:5B0AH         LINE#         89
  C:5B0FH         LINE#         90
  C:5B13H         LINE#         91
  C:5B17H         LINE#         93
  C:5B25H         LINE#         98
  C:5B41H         LINE#         99
  C:5B41H         LINE#         101
  C:5B6AH         LINE#         103
  C:5B92H         LINE#         104
  C:5B92H         LINE#         105
  C:5B95H         LINE#         106
  C:5B98H         LINE#         107
  C:5B98H         LINE#         110
  C:5BA6H         LINE#         111
  C:5BBAH         LINE#         112
  C:5BBDH         LINE#         113
  C:5BBFH         LINE#         114
  -------         ENDPROC       _SEQUENTIAL_WRITE_FLASH_IN_ONE_SECTOR
  C:6ED8H         SYMBOL        L?0092
  C:6EE3H         SYMBOL        L?0093
  -------         PROC          L?0091
  -------         ENDPROC       L?0091
  C:6ED8H         SYMBOL        L?0092
  C:6EE3H         SYMBOL        L?0093
  -------         PROC          _SFLASH_SENDBYTE
  X:0C46H         SYMBOL        dat
  -------         DO            
  X:0C47H         SYMBOL        i
  -------         ENDDO         
  C:6EE7H         LINE#         127
  C:6EECH         LINE#         128
  C:6EECH         LINE#         131
  C:6EEFH         LINE#         132
  C:6EF1H         LINE#         134
  C:6EF8H         LINE#         135
  C:6EFCH         LINE#         137
  C:6EFEH         LINE#         138
  C:6F01H         LINE#         139
  C:6F03H         LINE#         141
  C:6F0AH         LINE#         142
  C:6F14H         LINE#         143
  -------         ENDPROC       _SFLASH_SENDBYTE
  -------         PROC          SFLASH_READBYTE
  -------         DO            
  X:0C46H         SYMBOL        i
  X:0C47H         SYMBOL        dat
  -------         ENDDO         
BL51 BANKED LINKER/LOCATER V6.22                                                      06/16/2016  19:33:40  PAGE 14


  C:6F4EH         LINE#         151
  C:6F4EH         LINE#         152
  C:6F4EH         LINE#         154
  C:6F53H         LINE#         155
  C:6F55H         LINE#         156
  C:6F57H         LINE#         157
  C:6F5BH         LINE#         158
  C:6F5DH         LINE#         159
  C:6F60H         LINE#         160
  C:6F67H         LINE#         161
  C:6F6AH         LINE#         162
  C:6F6EH         LINE#         163
  C:6F6EH         LINE#         164
  C:6F70H         LINE#         165
  C:6F7CH         LINE#         166
  C:6F81H         LINE#         167
  -------         ENDPROC       SFLASH_READBYTE
  -------         PROC          L?0098
  -------         ENDPROC       L?0098
  -------         PROC          SFLASH_WRITEENABLE
  C:7132H         LINE#         175
  C:7132H         LINE#         176
  C:7132H         LINE#         177
  C:7134H         LINE#         179
  C:7139H         LINE#         181
  C:713BH         LINE#         182
  -------         ENDPROC       SFLASH_WRITEENABLE
  -------         PROC          SFLASH_WAITFORWRITEEND
  -------         DO            
  X:0C45H         SYMBOL        flashstatus
  -------         ENDDO         
  C:2026H         LINE#         190
  C:2026H         LINE#         191
  C:202BH         LINE#         193
  C:202DH         LINE#         195
  C:2032H         LINE#         198
  C:203AH         LINE#         200
  C:203DH         LINE#         202
  C:203FH         LINE#         203
  -------         ENDPROC       SFLASH_WAITFORWRITEEND
  -------         PROC          SFLASH_READID
  -------         DO            
  D:0006H         SYMBOL        Temp
  X:0C76H         SYMBOL        Temp0
  D:0005H         SYMBOL        Temp1
  -------         ENDDO         
  C:6F82H         LINE#         211
  C:6F82H         LINE#         212
  C:6F82H         LINE#         213
  C:6F84H         LINE#         214
  C:6F89H         LINE#         216
  C:6F8BH         LINE#         218
  C:6F90H         LINE#         220
  C:6F95H         LINE#         221
  C:6F9AH         LINE#         222
  C:6F9FH         LINE#         224
  C:6FA7H         LINE#         225
BL51 BANKED LINKER/LOCATER V6.22                                                      06/16/2016  19:33:40  PAGE 15


  C:6FACH         LINE#         227
  C:6FAEH         LINE#         229
  C:6FB5H         LINE#         230
  C:6FB5H         LINE#         231
  -------         ENDPROC       SFLASH_READID
  -------         PROC          L?0097
  -------         ENDPROC       L?0097
  -------         PROC          _SFLASH_WRITEPAGE
  X:0C3CH         SYMBOL        pBuffer
  X:0C3FH         SYMBOL        WriteAddr
  X:0C43H         SYMBOL        NumByteToWrite
  C:66D2H         LINE#         241
  C:66DEH         LINE#         242
  C:66DEH         LINE#         243
  C:66E1H         LINE#         245
  C:66E3H         LINE#         247
  C:66E8H         LINE#         249
  C:66EEH         LINE#         250
  C:66FFH         LINE#         251
  C:6710H         LINE#         253
  C:671EH         LINE#         254
  C:6730H         LINE#         255
  C:673AH         LINE#         256
  C:673CH         LINE#         258
  C:673EH         LINE#         260
  -------         ENDPROC       _SFLASH_WRITEPAGE
  -------         PROC          L?0096
  -------         ENDPROC       L?0096
  -------         PROC          _SFLASH_READBUFFER
  X:0C3CH         SYMBOL        pBuffer
  X:0C3FH         SYMBOL        ReadAddr
  X:0C43H         SYMBOL        NumByteToRead
  C:665AH         LINE#         272
  C:6669H         LINE#         273
  C:6669H         LINE#         274
  C:666BH         LINE#         277
  C:6670H         LINE#         280
  C:6676H         LINE#         281
  C:668BH         LINE#         282
  C:669CH         LINE#         285
  C:66AAH         LINE#         286
  C:66AAH         LINE#         287
  C:66BCH         LINE#         288
  C:66C6H         LINE#         289
  C:66C8H         LINE#         292
  C:66CAH         LINE#         293
  -------         ENDPROC       _SFLASH_READBUFFER
  -------         PROC          _SFLASH_ERASESECTOR
  X:0B2EH         SYMBOL        SectorAddr
  C:6E9AH         LINE#         301
  C:6E9DH         LINE#         302
  C:6E9DH         LINE#         303
  C:6EA0H         LINE#         305
  C:6EA2H         LINE#         307
  C:6EA7H         LINE#         309
  C:6EADH         LINE#         310
  C:6EC2H         LINE#         311
BL51 BANKED LINKER/LOCATER V6.22                                                      06/16/2016  19:33:40  PAGE 16


  C:6ED3H         LINE#         313
  C:6ED5H         LINE#         315
  -------         ENDPROC       _SFLASH_ERASESECTOR
  -------         PROC          _SFLASH_64KBERASESECTOR
  X:0AAEH         SYMBOL        SectorAddr
  C:6E1AH         LINE#         325
  C:6E20H         LINE#         326
  C:6E20H         LINE#         327
  C:6E23H         LINE#         329
  C:6E25H         LINE#         331
  C:6E2AH         LINE#         333
  C:6E30H         LINE#         334
  C:6E45H         LINE#         335
  C:6E56H         LINE#         337
  C:6E58H         LINE#         339
  -------         ENDPROC       _SFLASH_64KBERASESECTOR
  -------         PROC          SFLASH_ERASEFLASH
  C:70F7H         LINE#         350
  C:70F7H         LINE#         351
  C:70F7H         LINE#         352
  C:70FAH         LINE#         354
  C:70FCH         LINE#         356
  C:7101H         LINE#         359
  C:7103H         LINE#         361
  -------         ENDPROC       SFLASH_ERASEFLASH
  -------         PROC          _FLASH_W25Q64_CLEAR
  X:0B08H         SYMBOL        dest
  X:0B0CH         SYMBOL        numbytes
  -------         DO            
  X:0B0EH         SYMBOL        dest_1_page_start
  X:0B12H         SYMBOL        dest_1_page_end
  X:0B16H         SYMBOL        dest_2_page_start
  D:0004H         SYMBOL        dest_2_page_end
  X:0B1AH         SYMBOL        numbytes_remainder
  X:0B1CH         SYMBOL        FLASH_pagesize
  X:0B20H         SYMBOL        wptr
  X:0B24H         SYMBOL        rptr
  X:0B28H         SYMBOL        length
  X:0B2AH         SYMBOL        Full_BlockNum
  X:0B2CH         SYMBOL        NoFull_BlockNum
  -------         ENDDO         
  C:2B3FH         LINE#         369
  C:2B45H         LINE#         370
  C:2B45H         LINE#         389
  C:2B50H         LINE#         390
  C:2B5AH         LINE#         392
  C:2B97H         LINE#         394
  C:2BD1H         LINE#         396
  C:2C33H         LINE#         398
  C:2C69H         LINE#         400
  C:2C80H         LINE#         402
  C:2C89H         LINE#         405
  C:2C93H         LINE#         406
  C:2CA7H         LINE#         407
  C:2CC8H         LINE#         408
  C:2CDBH         LINE#         409
  C:2CE3H         LINE#         411
BL51 BANKED LINKER/LOCATER V6.22                                                      06/16/2016  19:33:40  PAGE 17


  C:2CF1H         LINE#         412
  C:2CF1H         LINE#         413
  C:2CF4H         LINE#         415
  C:2D5DH         LINE#         416
  C:2D5FH         LINE#         417
  C:2D90H         LINE#         418
  C:2D90H         LINE#         421
  C:2DE3H         LINE#         422
  C:2E0CH         LINE#         423
  C:2E42H         LINE#         424
  C:2E55H         LINE#         425
  C:2E5DH         LINE#         426
  C:2E6BH         LINE#         427
  C:2E6BH         LINE#         428
  C:2E6EH         LINE#         429
  C:2ED7H         LINE#         430
  C:2ED9H         LINE#         431
  C:2F0AH         LINE#         432
  C:2F0AH         LINE#         435
  C:2F0DH         LINE#         438
  C:2F21H         LINE#         439
  C:2F2BH         LINE#         440
  C:2F3CH         LINE#         441
  C:2F4FH         LINE#         442
  C:2F57H         LINE#         443
  C:2F68H         LINE#         444
  C:2F68H         LINE#         445
  C:2F68H         LINE#         446
  C:2F68H         LINE#         447
  C:2F6BH         LINE#         455
  C:2F76H         LINE#         459
  C:2F80H         LINE#         460
  C:2F94H         LINE#         461
  C:2FB5H         LINE#         462
  C:2FC8H         LINE#         463
  C:2FD0H         LINE#         464
  C:2FDEH         LINE#         465
  C:2FDEH         LINE#         466
  C:2FE1H         LINE#         468
  C:304AH         LINE#         469
  C:304CH         LINE#         470
  C:307DH         LINE#         471
  C:307DH         LINE#         474
  C:3080H         LINE#         477
  C:3094H         LINE#         478
  C:309EH         LINE#         479
  C:30AFH         LINE#         480
  C:30C2H         LINE#         481
  C:30CAH         LINE#         482
  C:30D8H         LINE#         483
  C:30D8H         LINE#         484
  C:30DBH         LINE#         485
  C:3144H         LINE#         486
  C:3146H         LINE#         487
  C:3177H         LINE#         488
  C:3177H         LINE#         493
  C:3182H         LINE#         497
BL51 BANKED LINKER/LOCATER V6.22                                                      06/16/2016  19:33:40  PAGE 18


  C:31B9H         LINE#         498
  C:31CDH         LINE#         499
  C:31F2H         LINE#         500
  C:3211H         LINE#         501
  C:3224H         LINE#         502
  C:322CH         LINE#         503
  C:323AH         LINE#         504
  C:323AH         LINE#         505
  C:323DH         LINE#         506
  C:32A6H         LINE#         507
  C:32A8H         LINE#         508
  C:32D9H         LINE#         509
  C:32D9H         LINE#         512
  C:32DFH         LINE#         515
  C:32F3H         LINE#         516
  C:32FDH         LINE#         517
  C:330EH         LINE#         518
  C:3321H         LINE#         519
  C:3329H         LINE#         520
  C:3337H         LINE#         521
  C:3337H         LINE#         522
  C:333AH         LINE#         523
  C:33A3H         LINE#         524
  C:33A5H         LINE#         525
  C:33D6H         LINE#         526
  C:33D6H         LINE#         528
  C:33D6H         LINE#         530
  -------         ENDPROC       _FLASH_W25Q64_CLEAR
  -------         PROC          _FLASH_W25Q64_WRITE
  X:0B08H         SYMBOL        dest
  X:0B0CH         SYMBOL        src
  X:0B0FH         SYMBOL        numbytes
  -------         DO            
  X:0B13H         SYMBOL        i
  -------         ENDDO         
  C:5DDAH         LINE#         541
  C:5DEBH         LINE#         542
  C:5DEBH         LINE#         544
  C:5E35H         LINE#         545
  C:5E5DH         LINE#         546
  C:5E7FH         LINE#         547
  -------         ENDPROC       _FLASH_W25Q64_WRITE
  -------         PROC          _FLASH_W25Q64_UPDATE
  X:0AFFH         SYMBOL        dest
  X:0B03H         SYMBOL        src
  X:0B06H         SYMBOL        numbytes
  C:6A09H         LINE#         551
  C:6A1AH         LINE#         552
  C:6A1AH         LINE#         554
  C:6A3AH         LINE#         556
  -------         ENDPROC       _FLASH_W25Q64_UPDATE
  -------         PROC          _FLASH_W25Q64_READ
  X:0B24H         SYMBOL        dest
  X:0B27H         SYMBOL        src
  X:0B2BH         SYMBOL        numbytes
  -------         DO            
  X:0B2DH         SYMBOL        i
BL51 BANKED LINKER/LOCATER V6.22                                                      06/16/2016  19:33:40  PAGE 19


  -------         ENDDO         
  C:5FC7H         LINE#         565
  C:5FD6H         LINE#         566
  C:5FD6H         LINE#         568
  C:5FFDH         LINE#         569
  C:603AH         LINE#         570
  C:605BH         LINE#         571
  C:6066H         LINE#         572
  -------         ENDPROC       _FLASH_W25Q64_READ
  C:5712H         SYMBOL        L?0090
  -------         PROC          L?0089
  -------         ENDPROC       L?0089
  C:5712H         SYMBOL        L?0090
  -------         PROC          _FLASH_W25Q64_COPY
  X:0B2EH         SYMBOL        dest
  X:0B32H         SYMBOL        src
  X:0B36H         SYMBOL        numbytes
  B:0020H.7       SYMBOL        IsFullBlockCopy
  -------         DO            
  X:0B38H         SYMBOL        i
  X:0B3CH         SYMBOL        DataBuffer
  -------         ENDDO         
  C:5740H         LINE#         580
  C:5746H         LINE#         581
  C:5746H         LINE#         584
  C:574CH         LINE#         585
  C:5776H         LINE#         586
  C:5776H         LINE#         587
  C:57ABH         LINE#         588
  C:57E5H         LINE#         589
  C:5807H         LINE#         590
  C:5807H         LINE#         591
  C:5824H         LINE#         592
  C:5843H         LINE#         593
  C:5843H         LINE#         594
  -------         ENDPROC       _FLASH_W25Q64_COPY
  -------         PROC          _FLASH_W25Q64_FILL
  X:0C4AH         SYMBOL        addr
  X:0C4EH         SYMBOL        length
  X:0C52H         SYMBOL        fill
  -------         DO            
  X:0C53H         SYMBOL        i
  -------         ENDDO         
  C:6460H         LINE#         602
  C:6466H         LINE#         603
  C:6466H         LINE#         605
  C:6492H         LINE#         606
  C:64C3H         LINE#         607
  C:64E4H         LINE#         608
  -------         ENDPROC       _FLASH_W25Q64_FILL
  C:70D8H         SYMBOL        L?0095
  -------         PROC          L?0094
  -------         ENDPROC       L?0094
  C:70D8H         SYMBOL        L?0095
  -------         PROC          _FLASH_W25Q64_PAGEERASE
  D:0004H         SYMBOL        addr
  C:70E3H         LINE#         614
BL51 BANKED LINKER/LOCATER V6.22                                                      06/16/2016  19:33:40  PAGE 20


  C:70E3H         LINE#         616
  -------         ENDPROC       _FLASH_W25Q64_PAGEERASE
  -------         PROC          _FLASH_W25Q64_BYTEWRITE
  D:0004H         SYMBOL        addr
  X:0B1BH         SYMBOL        byte
  C:70E6H         LINE#         619
  C:70E6H         LINE#         620
  C:70E6H         LINE#         622
  -------         ENDPROC       _FLASH_W25Q64_BYTEWRITE
  -------         PROC          _FLASH_W25Q64_BYTEREAD
  D:0004H         SYMBOL        addr
  -------         DO            
  X:0B31H         SYMBOL        dat
  -------         ENDDO         
  C:706DH         LINE#         625
  C:706DH         LINE#         626
  C:706DH         LINE#         629
  C:707EH         LINE#         630
  C:7083H         LINE#         631
  -------         ENDPROC       _FLASH_W25Q64_BYTEREAD
  -------         PROC          DELAY_1US
  -------         DO            
  D:0007H         SYMBOL        i
  -------         ENDDO         
  C:716CH         LINE#         634
  C:716CH         LINE#         635
  C:716CH         LINE#         636
  C:716EH         LINE#         637
  C:7174H         LINE#         638
  -------         ENDPROC       DELAY_1US
  -------         ENDMOD        FLASHFUNCTION

  -------         MODULE        INIT
  C:0000H         SYMBOL        _ICE_DUMMY_
  D:0092H         PUBLIC        P1M0
  D:0093H         PUBLIC        P0M1
  D:0096H         PUBLIC        P2M0
  D:0091H         PUBLIC        P1M1
  D:0080H         PUBLIC        P0
  D:00B2H         PUBLIC        P3M0
  D:0095H         PUBLIC        P2M1
  D:0090H         PUBLIC        P1
  D:00B4H         PUBLIC        P4M0
  D:00B1H         PUBLIC        P3M1
  D:00A0H         PUBLIC        P2
  D:00B3H         PUBLIC        P4M1
  D:00B0H         PUBLIC        P3
  D:00C0H         PUBLIC        P4
  D:00C8H         PUBLIC        P5
  D:00E8H         PUBLIC        P6
  D:00F8H         PUBLIC        P7
  D:00A2H         PUBLIC        P_SW1
  D:00BAH         PUBLIC        P_SW2
  D:00A8H         PUBLIC        IE
  C:6BC2H         PUBLIC        IO_Init
  B:00A8H.4       PUBLIC        ES
  D:00B8H         PUBLIC        IP
BL51 BANKED LINKER/LOCATER V6.22                                                      06/16/2016  19:33:40  PAGE 21


  D:00D8H         PUBLIC        CCON
  D:0099H         PUBLIC        SBUF
  D:0098H         PUBLIC        SCON
  C:5D2DH         PUBLIC        System_SetParaInit
  C:6F15H         PUBLIC        init_Uart
  D:0089H         PUBLIC        TMOD
  D:0088H         PUBLIC        TCON
  B:00B0H.2       PUBLIC        P32
  B:0090H.4       PUBLIC        P14
  B:0090H.5       PUBLIC        P15
  D:00AFH         PUBLIC        IE2
  D:008EH         PUBLIC        AUXR
  D:00E0H         PUBLIC        ACC
  B:00A8H.1       PUBLIC        ET0
  B:0088H.5       PUBLIC        TF0
  C:200EH         PUBLIC        Timer0Init
  D:008CH         PUBLIC        TH0
  B:0088H.0       PUBLIC        IT0
  B:00A8H.0       PUBLIC        EX0
  D:00D6H         PUBLIC        T2H
  D:00D4H         PUBLIC        T3H
  D:008AH         PUBLIC        TL0
  D:00D7H         PUBLIC        T2L
  D:00D5H         PUBLIC        T3L
  B:0088H.4       PUBLIC        TR0
  B:00C0H.4       PUBLIC        Door1_Ctl_0
  B:00C0H.3       PUBLIC        Door1_Ctl_1
  D:00D1H         PUBLIC        T4T3M
  C:7175H         PUBLIC        INT_Init
  D:009AH         PUBLIC        S2CON
  D:00ACH         PUBLIC        S3CON
  D:0084H         PUBLIC        S4CON
  D:00D0H         PUBLIC        PSW
  D:0094H         PUBLIC        P0M0
  -------         PROC          INT_INIT
  C:7175H         LINE#         12
  C:7175H         LINE#         13
  C:7175H         LINE#         14
  C:7177H         LINE#         15
  C:7179H         LINE#         16
  C:717BH         LINE#         17
  -------         ENDPROC       INT_INIT
  -------         PROC          IO_INIT
  C:6BC2H         LINE#         28
  C:6BC2H         LINE#         29
  C:6BC2H         LINE#         37
  C:6BC5H         LINE#         38
  C:6BC8H         LINE#         39
  C:6BCBH         LINE#         40
  C:6BCEH         LINE#         41
  C:6BD1H         LINE#         42
  C:6BD4H         LINE#         43
  C:6BD7H         LINE#         44
  C:6BDAH         LINE#         45
  C:6BDDH         LINE#         46
  C:6BE0H         LINE#         47
  C:6BE3H         LINE#         48
BL51 BANKED LINKER/LOCATER V6.22                                                      06/16/2016  19:33:40  PAGE 22


  C:6BE6H         LINE#         49
  C:6BE9H         LINE#         50
  C:6BECH         LINE#         51
  C:6BEFH         LINE#         52
  C:6BF2H         LINE#         53
  C:6BF5H         LINE#         54
  C:6BF8H         LINE#         55
  C:6BFBH         LINE#         56
  C:6BFEH         LINE#         58
  C:6C01H         LINE#         59
  C:6C04H         LINE#         61
  C:6C07H         LINE#         62
  C:6C0AH         LINE#         64
  C:6C0CH         LINE#         65
  C:6C0EH         LINE#         66
  C:6C12H         LINE#         67
  -------         ENDPROC       IO_INIT
  -------         PROC          TIMER0INIT
  C:200EH         LINE#         77
  C:200EH         LINE#         78
  C:200EH         LINE#         79
  C:2011H         LINE#         80
  C:2014H         LINE#         81
  C:2017H         LINE#         82
  C:201AH         LINE#         83
  C:201CH         LINE#         84
  C:201EH         LINE#         85
  C:2020H         LINE#         86
  -------         ENDPROC       TIMER0INIT
  -------         PROC          INIT_UART
  C:6F15H         LINE#         94
  C:6F15H         LINE#         95
  C:6F15H         LINE#         96
  C:6F18H         LINE#         97
  C:6F1BH         LINE#         98
  C:6F1EH         LINE#         99
  C:6F20H         LINE#         100
  C:6F22H         LINE#         101
  C:6F24H         LINE#         102
  C:6F27H         LINE#         103
  C:6F2AH         LINE#         104
  C:6F2DH         LINE#         105
  C:6F30H         LINE#         106
  C:6F33H         LINE#         107
  C:6F36H         LINE#         109
  C:6F39H         LINE#         110
  C:6F3CH         LINE#         111
  C:6F3FH         LINE#         112
  C:6F42H         LINE#         114
  C:6F45H         LINE#         115
  C:6F48H         LINE#         116
  C:6F4AH         LINE#         117
  C:6F4DH         LINE#         118
  -------         ENDPROC       INIT_UART
  -------         PROC          SYSTEM_SETPARAINIT
  -------         DO            
  D:0007H         SYMBOL        i
BL51 BANKED LINKER/LOCATER V6.22                                                      06/16/2016  19:33:40  PAGE 23


  X:0A97H         SYMBOL        TempBuffer
  -------         ENDDO         
  C:5D2DH         LINE#         120
  C:5D2DH         LINE#         123
  C:5D47H         LINE#         124
  C:5D52H         LINE#         125
  C:5D54H         LINE#         126
  C:5D69H         LINE#         127
  C:5D6EH         LINE#         128
  C:5D75H         LINE#         130
  C:5D75H         LINE#         131
  C:5D77H         LINE#         132
  C:5D8FH         LINE#         133
  C:5D94H         LINE#         134
  C:5D94H         LINE#         135
  C:5DA3H         LINE#         137
  C:5DBDH         LINE#         138
  C:5DC5H         LINE#         140
  C:5DC5H         LINE#         141
  C:5DD9H         LINE#         142
  C:5DD9H         LINE#         143
  -------         ENDPROC       SYSTEM_SETPARAINIT
  -------         ENDMOD        INIT

  -------         MODULE        LD9900MT
  C:0000H         SYMBOL        _ICE_DUMMY_
  D:0080H         PUBLIC        P0
  D:0090H         PUBLIC        P1
  C:6FE6H         PUBLIC        LD9900MT_CreateTemplate
  D:00A0H         PUBLIC        P2
  C:6887H         PUBLIC        _LD9900MT_DwonChar
  C:1F19H         PUBLIC        DOWNCHAR_PROCESS_START_CMD
  D:00B0H         PUBLIC        P3
  C:6741H         PUBLIC        _LD9900MT_GenChar
  D:00C0H         PUBLIC        P4
  D:00C8H         PUBLIC        P5
  D:00E8H         PUBLIC        P6
  D:00F8H         PUBLIC        P7
  C:1F3FH         PUBLIC        DELETECHAR_CMD
  D:00A8H         PUBLIC        IE
  C:1F0FH         PUBLIC        DOWNCHAR_CMD
  D:00B8H         PUBLIC        IP
  C:5CBDH         SYMBOL        _LD9900MT_CMDPorcess
  C:1F55H         PUBLIC        MATCH_CMD
  D:00D8H         PUBLIC        CCON
  C:6D05H         SYMBOL        _CMD_AttachData_AddSum
  C:68EBH         PUBLIC        _LD9900MT_UpChar
  C:1B76H         PUBLIC        _LD9900MT_DownChar_ReDataProc
  C:5E80H         PUBLIC        _LD9900MT_ReadFpflash
  C:7106H         PUBLIC        LD9900MT_Receive
  C:1EEFH         PUBLIC        GENCHAR_CMD
  D:0098H         PUBLIC        SCON
  D:0088H         PUBLIC        TCON
  C:6067H         PUBLIC        _LD9900MT_DeleteChar
  C:1EF9H         PUBLIC        CREATET_CMD
  C:5A1EH         PUBLIC        _LD9900MT_Search
  C:5420H         PUBLIC        _LD9900MT_UpCharDataProc
BL51 BANKED LINKER/LOCATER V6.22                                                      06/16/2016  19:33:40  PAGE 24


  C:1F97H         SYMBOL        _?ix1000
  C:1FDEH         SYMBOL        _?ix1010
  C:1F9AH         SYMBOL        _?ix1001
  C:1F2BH         PUBLIC        STORE_CMD
  C:1FE0H         SYMBOL        _?ix1011
  C:1F9DH         SYMBOL        _?ix1002
  C:1FA0H         SYMBOL        _?ix1003
  C:1F49H         PUBLIC        EMPTY_CMD
  C:1FA5H         SYMBOL        _?ix1004
  C:1FAAH         SYMBOL        _?ix1005
  C:1FB0H         SYMBOL        _?ix1006
  C:1FB7H         SYMBOL        _?ix1007
  C:1F22H         PUBLIC        DOWNCHAR_PROCESS_END_CMD
  C:1FBBH         SYMBOL        _?ix1008
  C:1FBEH         SYMBOL        _?ix1009
  C:5F26H         PUBLIC        LD9900MT_SearchEmpty
  C:694BH         PUBLIC        _LD9900MT_Match
  C:1F8DH         PUBLIC        READFPFLASH_CMD
  C:69AAH         PUBLIC        _LD9900MT_TemplateNum
  C:681DH         PUBLIC        _LD9900MT_GetSysParm
  C:1F81H         PUBLIC        GETSYSP_CMD
  C:64E5H         PUBLIC        _LD9900MT_SetSysParm
  C:61A2H         PUBLIC        _LD9900MT_LoadChar
  C:1F61H         PUBLIC        SEARCH_CMD
  C:702CH         PUBLIC        _LD9900MT_GetImage
  C:7183H         PUBLIC        _LD9900MT_Send
  C:1F77H         PUBLIC        SETSYSP_CMD
  C:1F6BH         PUBLIC        READTN_CMD
  C:6D4CH         SYMBOL        _CMD_AddSum
  C:1F35H         PUBLIC        LOADCHAR_CMD
  C:634EH         PUBLIC        _LD9900MT_Store
  C:7009H         PUBLIC        LD9900MT_Empty
  C:1F05H         PUBLIC        UPCHAR_CMD
  D:00D0H         PUBLIC        PSW
  C:1EE3H         PUBLIC        GETIMAGE_CMD
  -------         PROC          LD9900MT_RECEIVE
  -------         DO            
  D:0007H         SYMBOL        len
  -------         ENDDO         
  C:7106H         LINE#         58
  C:7106H         LINE#         59
  C:7106H         LINE#         60
  C:7106H         LINE#         73
  C:710CH         LINE#         74
  C:7113H         LINE#         76
  C:7113H         LINE#         77
  -------         ENDPROC       LD9900MT_RECEIVE
  -------         PROC          _LD9900MT_SEND
  D:0001H         SYMBOL        u8Data
  D:0005H         SYMBOL        len
  C:7183H         LINE#         80
  C:7183H         LINE#         81
  C:7183H         LINE#         82
  -------         ENDPROC       _LD9900MT_SEND
  -------         PROC          L?0123
  -------         ENDPROC       L?0123
  -------         PROC          _CMD_ADDSUM
BL51 BANKED LINKER/LOCATER V6.22                                                      06/16/2016  19:33:40  PAGE 25


  X:0AF1H         SYMBOL        u8CmdData
  D:0005H         SYMBOL        len
  -------         DO            
  D:0007H         SYMBOL        i
  X:0AF4H         SYMBOL        res
  -------         ENDDO         
  C:6D4CH         LINE#         90
  C:6D57H         LINE#         91
  C:6D57H         LINE#         92
  C:6D58H         LINE#         93
  C:6D5CH         LINE#         94
  C:6D63H         LINE#         95
  C:6D63H         LINE#         96
  C:6D84H         LINE#         97
  C:6D87H         LINE#         98
  C:6D8FH         LINE#         99
  -------         ENDPROC       _CMD_ADDSUM
  C:5C7FH         SYMBOL        L?0121
  C:5CB7H         SYMBOL        L?0122
  -------         PROC          L?0120
  -------         ENDPROC       L?0120
  C:5C7FH         SYMBOL        L?0121
  C:5CB7H         SYMBOL        L?0122
  -------         PROC          _LD9900MT_CMDPORCESS
  X:0AF1H         SYMBOL        u8CMD
  X:0AF4H         SYMBOL        u16CMDLen
  X:0AF6H         SYMBOL        u8AttachData
  X:0AF9H         SYMBOL        u16ADLen
  X:0AFBH         SYMBOL        AckWaitTime
  C:5CBDH         LINE#         113
  C:5CCEH         LINE#         114
  C:5CCEH         LINE#         116
  C:5CDDH         LINE#         117
  C:5CEFH         LINE#         119
  C:5CFAH         LINE#         120
  C:5D0AH         LINE#         121
  C:5D0DH         LINE#         122
  C:5D18H         LINE#         125
  C:5D24H         LINE#         126
  C:5D2AH         LINE#         128
  C:5D2CH         LINE#         129
  -------         ENDPROC       _LD9900MT_CMDPORCESS
  -------         PROC          _LD9900MT_GETIMAGE
  D:0006H         SYMBOL        Time
  C:702CH         LINE#         146
  C:702CH         LINE#         147
  C:702CH         LINE#         148
  C:704CH         LINE#         149
  -------         ENDPROC       _LD9900MT_GETIMAGE
  -------         PROC          _LD9900MT_GENCHAR
  X:0AAEH         SYMBOL        u8BufferID
  X:0AAFH         SYMBOL        Time
  -------         DO            
  X:0AB1H         SYMBOL        u8AttachData
  D:0004H         SYMBOL        u16Sum
  -------         ENDDO         
  C:6741H         LINE#         151
BL51 BANKED LINKER/LOCATER V6.22                                                      06/16/2016  19:33:40  PAGE 26


  C:674CH         LINE#         152
  C:674CH         LINE#         153
  C:675FH         LINE#         154
  C:6761H         LINE#         155
  C:6769H         LINE#         156
  C:6778H         LINE#         157
  C:677AH         LINE#         158
  C:677FH         LINE#         159
  C:67B0H         LINE#         160
  -------         ENDPROC       _LD9900MT_GENCHAR
  -------         PROC          LD9900MT_CREATETEMPLATE
  C:6FE6H         LINE#         162
  C:6FE6H         LINE#         163
  C:6FE6H         LINE#         164
  C:7008H         LINE#         165
  -------         ENDPROC       LD9900MT_CREATETEMPLATE
  -------         PROC          _LD9900MT_UPCHAR
  X:0AAEH         SYMBOL        u8BufferID
  -------         DO            
  X:0AAFH         SYMBOL        u8AttachData
  D:0004H         SYMBOL        u16Sum
  -------         ENDDO         
  C:68EBH         LINE#         169
  C:68F0H         LINE#         170
  C:68F0H         LINE#         171
  C:6903H         LINE#         172
  C:6905H         LINE#         173
  C:690BH         LINE#         174
  C:691AH         LINE#         175
  C:691CH         LINE#         176
  C:6921H         LINE#         177
  C:694AH         LINE#         178
  -------         ENDPROC       _LD9900MT_UPCHAR
  -------         PROC          _LD9900MT_DWONCHAR
  X:0AC6H         SYMBOL        u8BufferID
  -------         DO            
  X:0AC7H         SYMBOL        u8AttachData
  D:0004H         SYMBOL        u16Sum
  -------         ENDDO         
  C:6887H         LINE#         180
  C:688CH         LINE#         181
  C:688CH         LINE#         182
  C:689FH         LINE#         183
  C:68A1H         LINE#         184
  C:68A7H         LINE#         185
  C:68BAH         LINE#         186
  C:68BCH         LINE#         187
  C:68C1H         LINE#         188
  C:68EAH         LINE#         189
  -------         ENDPROC       _LD9900MT_DWONCHAR
  -------         PROC          _LD9900MT_STORE
  X:0AC6H         SYMBOL        u8BufferID
  X:0AC7H         SYMBOL        u16PageID
  -------         DO            
  X:0AC9H         SYMBOL        u8AttachData
  D:0004H         SYMBOL        u16Sum
  -------         ENDDO         
BL51 BANKED LINKER/LOCATER V6.22                                                      06/16/2016  19:33:40  PAGE 27


  C:634EH         LINE#         191
  C:6359H         LINE#         192
  C:6359H         LINE#         193
  C:636CH         LINE#         194
  C:636CH         LINE#         195
  C:6374H         LINE#         196
  C:6381H         LINE#         197
  C:6384H         LINE#         198
  C:63A7H         LINE#         199
  C:63A9H         LINE#         200
  C:63AEH         LINE#         201
  C:63D8H         LINE#         202
  -------         ENDPROC       _LD9900MT_STORE
  -------         PROC          L?0126
  -------         ENDPROC       L?0126
  -------         PROC          _LD9900MT_LOADCHAR
  X:0AC6H         SYMBOL        u8BufferID
  X:0AC7H         SYMBOL        u16PageID
  -------         DO            
  X:0AC9H         SYMBOL        u8AttachData
  D:0004H         SYMBOL        u16Sum
  -------         ENDDO         
  C:61A2H         LINE#         204
  C:61ADH         LINE#         205
  C:61C0H         LINE#         206
  C:61C0H         LINE#         207
  C:61C8H         LINE#         208
  C:61D5H         LINE#         209
  C:61D8H         LINE#         210
  C:61FBH         LINE#         211
  C:61FDH         LINE#         212
  C:6202H         LINE#         213
  C:622BH         LINE#         214
  -------         ENDPROC       _LD9900MT_LOADCHAR
  -------         PROC          _LD9900MT_DELETECHAR
  X:0AAEH         SYMBOL        u16PageID
  X:0AB0H         SYMBOL        u16DeleteNum
  -------         DO            
  X:0AB2H         SYMBOL        u8AttachData
  D:0004H         SYMBOL        u16Sum
  -------         ENDDO         
  C:6067H         LINE#         216
  C:6075H         LINE#         217
  C:6075H         LINE#         218
  C:6088H         LINE#         219
  C:6088H         LINE#         220
  C:6095H         LINE#         221
  C:6098H         LINE#         222
  C:60A5H         LINE#         223
  C:60A8H         LINE#         224
  C:60D2H         LINE#         225
  C:60D4H         LINE#         226
  C:60D9H         LINE#         227
  C:6102H         LINE#         228
  -------         ENDPROC       _LD9900MT_DELETECHAR
  -------         PROC          LD9900MT_EMPTY
  C:7009H         LINE#         230
BL51 BANKED LINKER/LOCATER V6.22                                                      06/16/2016  19:33:40  PAGE 28


  C:7009H         LINE#         231
  C:7009H         LINE#         232
  C:702BH         LINE#         233
  -------         ENDPROC       LD9900MT_EMPTY
  -------         PROC          _LD9900MT_MATCH
  X:0AC6H         SYMBOL        u16MatchScore
  -------         DO            
  X:0AC9H         SYMBOL        res
  -------         ENDDO         
  C:694BH         LINE#         235
  C:6956H         LINE#         236
  C:6956H         LINE#         237
  C:6959H         LINE#         238
  C:6983H         LINE#         239
  C:6985H         LINE#         240
  C:6985H         LINE#         241
  C:69A4H         LINE#         242
  C:69A4H         LINE#         243
  C:69A9H         LINE#         244
  -------         ENDPROC       _LD9900MT_MATCH
  -------         PROC          _LD9900MT_SEARCH
  X:0AAEH         SYMBOL        u8BufferID
  X:0AAFH         SYMBOL        u16StartPage
  X:0AB1H         SYMBOL        u16PageNum
  X:0AB3H         SYMBOL        u8IdNumber
  -------         DO            
  D:0007H         SYMBOL        res
  X:0AB6H         SYMBOL        u8AttachData
  D:0006H         SYMBOL        i
  D:0004H         SYMBOL        u16Sum
  -------         ENDDO         
  C:5A1EH         LINE#         246
  C:5A2FH         LINE#         247
  C:5A2FH         LINE#         248
  C:5A30H         LINE#         249
  C:5A42H         LINE#         250
  C:5A42H         LINE#         251
  C:5A4AH         LINE#         252
  C:5A57H         LINE#         253
  C:5A5AH         LINE#         254
  C:5A67H         LINE#         255
  C:5A6AH         LINE#         256
  C:5A9BH         LINE#         258
  C:5A9DH         LINE#         259
  C:5AA2H         LINE#         261
  C:5ACBH         LINE#         262
  C:5ACDH         LINE#         263
  C:5ACDH         LINE#         264
  C:5AEDH         LINE#         265
  C:5AF2H         LINE#         266
  C:5AF2H         LINE#         268
  -------         ENDPROC       _LD9900MT_SEARCH
  -------         PROC          _LD9900MT_TEMPLATENUM
  X:0C67H         SYMBOL        u16TeNum
  -------         DO            
  X:0C6AH         SYMBOL        res
  -------         ENDDO         
BL51 BANKED LINKER/LOCATER V6.22                                                      06/16/2016  19:33:40  PAGE 29


  C:69AAH         LINE#         270
  C:69B5H         LINE#         271
  C:69B5H         LINE#         272
  C:69B8H         LINE#         273
  C:69E2H         LINE#         274
  C:69E4H         LINE#         275
  C:69E4H         LINE#         276
  C:6A03H         LINE#         277
  C:6A03H         LINE#         278
  C:6A08H         LINE#         279
  -------         ENDPROC       _LD9900MT_TEMPLATENUM
  -------         PROC          _LD9900MT_SETSYSPARM
  X:0C61H         SYMBOL        u8ParmNum
  X:0C62H         SYMBOL        u8Data
  -------         DO            
  X:0C63H         SYMBOL        u8AttachData
  D:0004H         SYMBOL        u16Sum
  -------         ENDDO         
  C:64E5H         LINE#         281
  C:64EDH         LINE#         282
  C:64EDH         LINE#         283
  C:6500H         LINE#         284
  C:6502H         LINE#         285
  C:650AH         LINE#         286
  C:6512H         LINE#         287
  C:652CH         LINE#         288
  C:6530H         LINE#         289
  C:6535H         LINE#         290
  C:655FH         LINE#         291
  -------         ENDPROC       _LD9900MT_SETSYSPARM
  -------         PROC          _LD9900MT_GETSYSPARM
  X:0C6BH         SYMBOL        u8SysParm
  -------         DO            
  D:0007H         SYMBOL        res
  X:0C6EH         SYMBOL        i
  -------         ENDDO         
  C:681DH         LINE#         294
  C:6828H         LINE#         295
  C:6828H         LINE#         296
  C:682AH         LINE#         297
  C:682CH         LINE#         298
  C:6851H         LINE#         299
  C:6854H         LINE#         300
  C:6854H         LINE#         301
  C:6858H         LINE#         302
  C:6858H         LINE#         303
  C:687CH         LINE#         304
  C:6886H         LINE#         305
  C:6886H         LINE#         306
  C:6886H         LINE#         307
  -------         ENDPROC       _LD9900MT_GETSYSPARM
  -------         PROC          _LD9900MT_READFPFLASH
  X:0AE9H         SYMBOL        u8PageID
  X:0AEAH         SYMBOL        u8FPcontent
  -------         DO            
  D:0007H         SYMBOL        res
  X:0AEDH         SYMBOL        i
BL51 BANKED LINKER/LOCATER V6.22                                                      06/16/2016  19:33:40  PAGE 30


  X:0AEEH         SYMBOL        u8AttachData
  D:0004H         SYMBOL        u16Sum
  -------         ENDDO         
  C:5E80H         LINE#         310
  C:5E8EH         LINE#         311
  C:5E8EH         LINE#         312
  C:5E8FH         LINE#         313
  C:5E91H         LINE#         314
  C:5EA3H         LINE#         315
  C:5EA5H         LINE#         316
  C:5EADH         LINE#         317
  C:5EC0H         LINE#         318
  C:5EC2H         LINE#         319
  C:5EC7H         LINE#         320
  C:5EF0H         LINE#         321
  C:5EF3H         LINE#         322
  C:5EF3H         LINE#         323
  C:5EF7H         LINE#         324
  C:5EF7H         LINE#         325
  C:5F1BH         LINE#         326
  C:5F25H         LINE#         327
  C:5F25H         LINE#         328
  C:5F25H         LINE#         329
  -------         ENDPROC       _LD9900MT_READFPFLASH
  -------         PROC          LD9900MT_SEARCHEMPTY
  -------         DO            
  X:0AC6H         SYMBOL        FP_content
  X:0AE6H         SYMBOL        i
  X:0AE7H         SYMBOL        j
  X:0AE8H         SYMBOL        k
  -------         ENDDO         
  C:5F26H         LINE#         332
  C:5F26H         LINE#         333
  C:5F42H         LINE#         337
  C:5F50H         LINE#         338
  C:5F5CH         LINE#         339
  C:5F60H         LINE#         340
  C:5F6FH         LINE#         341
  C:5F8BH         LINE#         342
  C:5FA9H         LINE#         345
  C:5FB1H         LINE#         346
  C:5FBBH         LINE#         347
  C:5FC3H         LINE#         348
  C:5FC6H         LINE#         349
  -------         ENDPROC       LD9900MT_SEARCHEMPTY
  -------         PROC          _LD9900MT_UPCHARDATAPROC
  X:0AAEH         SYMBOL        T
  -------         DO            
  X:0AB1H         SYMBOL        i
  D:0006H         SYMBOL        j
  -------         ENDDO         
  C:5420H         LINE#         358
  C:542BH         LINE#         361
  C:542EH         LINE#         362
  C:542EH         LINE#         363
  C:5434H         LINE#         364
  C:544AH         LINE#         365
BL51 BANKED LINKER/LOCATER V6.22                                                      06/16/2016  19:33:40  PAGE 31


  C:5477H         LINE#         366
  C:5477H         LINE#         367
  C:547DH         LINE#         368
  C:5493H         LINE#         369
  C:54C0H         LINE#         370
  C:54C0H         LINE#         371
  C:54C6H         LINE#         372
  C:54DFH         LINE#         373
  C:550CH         LINE#         374
  C:550CH         LINE#         375
  C:5512H         LINE#         376
  C:552AH         LINE#         377
  C:5557H         LINE#         378
  C:5557H         LINE#         379
  C:5568H         LINE#         380
  C:559AH         LINE#         381
  C:55A9H         LINE#         382
  -------         ENDPROC       _LD9900MT_UPCHARDATAPROC
  C:6CFDH         SYMBOL        L?0125
  -------         PROC          L?0124
  -------         ENDPROC       L?0124
  C:6CFDH         SYMBOL        L?0125
  -------         PROC          _CMD_ATTACHDATA_ADDSUM
  X:0AC6H         SYMBOL        u8CmdData
  D:0005H         SYMBOL        len
  -------         DO            
  D:0007H         SYMBOL        i
  X:0AC9H         SYMBOL        res
  -------         ENDDO         
  C:6D05H         LINE#         386
  C:6D10H         LINE#         387
  C:6D10H         LINE#         388
  C:6D12H         LINE#         389
  C:6D16H         LINE#         390
  C:6D1BH         LINE#         391
  C:6D1BH         LINE#         392
  C:6D3CH         LINE#         393
  C:6D3FH         LINE#         394
  C:6D47H         LINE#         395
  -------         ENDPROC       _CMD_ATTACHDATA_ADDSUM
  -------         PROC          _LD9900MT_DOWNCHAR_REDATAPROC
  X:0AAEH         SYMBOL        FingerData
  X:0AB1H         SYMBOL        FingerId
  -------         DO            
  D:0006H         SYMBOL        i
  X:0AB4H         SYMBOL        u16Sum
  X:0AB6H         SYMBOL        StoreAddr
  X:0AB8H         SYMBOL        MatchScore
  X:0ABBH         SYMBOL        FingerStoreNumber
  X:0ABDH         SYMBOL        UserId
  X:0AC1H         SYMBOL        Cursor
  X:0AC2H         SYMBOL        UseridStoreAddr
  -------         ENDDO         
  C:1B76H         LINE#         406
  C:1B81H         LINE#         408
  C:1B8CH         LINE#         409
  C:1B9EH         LINE#         410
BL51 BANKED LINKER/LOCATER V6.22                                                      06/16/2016  19:33:40  PAGE 32


  C:1BB6H         LINE#         411
  C:1BBEH         LINE#         413
  C:1BC3H         LINE#         414
  C:1BCAH         LINE#         415
  C:1BCDH         LINE#         416
  C:1BCDH         LINE#         417
  C:1BEDH         LINE#         418
  C:1BF8H         LINE#         420
  C:1BFBH         LINE#         421
  C:1C26H         LINE#         423
  C:1C3EH         LINE#         424
  C:1C3EH         LINE#         425
  C:1C3EH         LINE#         426
  C:1C41H         LINE#         429
  C:1C44H         LINE#         430
  C:1C6FH         LINE#         432
  C:1C87H         LINE#         433
  C:1C87H         LINE#         434
  C:1C87H         LINE#         435
  C:1C8AH         LINE#         438
  C:1C8DH         LINE#         439
  C:1CB8H         LINE#         441
  C:1CD0H         LINE#         442
  C:1CD0H         LINE#         443
  C:1CD0H         LINE#         444
  C:1CD3H         LINE#         447
  C:1CD6H         LINE#         448
  C:1D01H         LINE#         450
  C:1D21H         LINE#         451
  C:1D2EH         LINE#         452
  C:1D31H         LINE#         453
  C:1D54H         LINE#         455
  C:1D63H         LINE#         458
  C:1D8DH         LINE#         459
  C:1D9AH         LINE#         460
  C:1D9AH         LINE#         461
  C:1DA1H         LINE#         462
  C:1DA3H         LINE#         463
  C:1DA3H         LINE#         464
  C:1DB7H         LINE#         465
  C:1DB7H         LINE#         467
  C:1DDBH         LINE#         468
  C:1DDBH         LINE#         470
  C:1DECH         LINE#         473
  C:1DF7H         LINE#         474
  C:1E03H         LINE#         481
  C:1E05H         LINE#         482
  C:1E05H         LINE#         483
  C:1E05H         LINE#         485
  C:1E12H         LINE#         486
  C:1E17H         LINE#         487
  C:1E24H         LINE#         488
  C:1E27H         LINE#         489
  C:1E38H         LINE#         490
  C:1E51H         LINE#         491
  C:1E51H         LINE#         492
  C:1E7CH         LINE#         493
BL51 BANKED LINKER/LOCATER V6.22                                                      06/16/2016  19:33:40  PAGE 33


  C:1E7EH         LINE#         494
  C:1E97H         LINE#         495
  C:1E97H         LINE#         496
  C:1EA2H         LINE#         497
  C:1EDDH         LINE#         503
  C:1EDFH         LINE#         504
  C:1EDFH         LINE#         505
  C:1EE1H         LINE#         506
  C:1EE1H         LINE#         507
  C:1EE1H         LINE#         509
  C:1EE2H         LINE#         510
  -------         ENDPROC       _LD9900MT_DOWNCHAR_REDATAPROC
  -------         ENDMOD        LD9900MT

  -------         MODULE        UTILSFUNCTION
[...]
  C:6CF5H         LINE#         1356
  C:6CFCH         LINE#         1358
  -------         ENDPROC       _USART4_SEND
  -------         PROC          MUTI_READ_BYTE
  -------         DO            
  D:0007H         SYMBOL        dat
  -------         ENDDO         
  C:7114H         LINE#         1367
  C:7114H         LINE#         1368
  C:7114H         LINE#         1371
  C:7116H         LINE#         1373
  C:7119H         LINE#         1374
  C:711CH         LINE#         1375
  C:711EH         LINE#         1376
  C:711FH         LINE#         1377
  C:7121H         LINE#         1378
  C:7121H         LINE#         1379
  -------         ENDPROC       MUTI_READ_BYTE
  C:6103H         SYMBOL        L?0497
  C:6107H         SYMBOL        L?0498
  -------         PROC          L?0496
  -------         ENDPROC       L?0496
  C:6103H         SYMBOL        L?0497
  C:6107H         SYMBOL        L?0498
  -------         PROC          _MUTI_SEND_BYTE
  X:0AB7H         SYMBOL        Data
  X:0ABAH         SYMBOL        len
  -------         DO            
  X:0ABCH         SYMBOL        i
  -------         ENDDO         
  C:610DH         LINE#         1388
  C:611EH         LINE#         1389
  C:611EH         LINE#         1390
  C:6123H         LINE#         1393
  C:6126H         LINE#         1394
  C:6126H         LINE#         1395
BL51 BANKED LINKER/LOCATER V6.22                                                      06/16/2016  19:33:40  PAGE 55


  C:6128H         LINE#         1396
  C:612BH         LINE#         1397
  C:612BH         LINE#         1398
  C:612DH         LINE#         1399
  C:6130H         LINE#         1400
  C:6133H         LINE#         1401
  C:6136H         LINE#         1402
  C:614BH         LINE#         1403
  C:614BH         LINE#         1404
  C:6152H         LINE#         1405
  C:616DH         LINE#         1406
  C:6174H         LINE#         1407
  C:6176H         LINE#         1408
  C:6179H         LINE#         1409
  C:6187H         LINE#         1410
  C:6189H         LINE#         1411
  C:618BH         LINE#         1412
  C:618FH         LINE#         1413
  C:618FH         LINE#         1414
  C:6191H         LINE#         1415
  C:6194H         LINE#         1416
  C:6197H         LINE#         1417
  -------         ENDPROC       _MUTI_SEND_BYTE
  C:622DH         SYMBOL        L?0500
  C:6242H         SYMBOL        L?0501
  C:6243H         SYMBOL        L?0502
  C:6246H         SYMBOL        L?0503
  -------         PROC          L?0499
  -------         ENDPROC       L?0499
  C:622DH         SYMBOL        L?0500
  C:6242H         SYMBOL        L?0501
  C:6243H         SYMBOL        L?0502
  C:6246H         SYMBOL        L?0503
  -------         PROC          _ARRAYCAT
  X:0AFFH         SYMBOL        Data_Dest
  X:0B02H         SYMBOL        Data_Src
  X:0B05H         SYMBOL        DestDataNum
  X:0B07H         SYMBOL        SrcDataNum
  -------         DO            
  X:0B09H         SYMBOL        i
  -------         ENDDO         
  C:624AH         LINE#         1429
  C:6255H         LINE#         1430
  C:6255H         LINE#         1431
  C:6270H         LINE#         1432
  C:62BCH         LINE#         1433
  -------         ENDPROC       _ARRAYCAT
  C:51E8H         SYMBOL        L?0505
  -------         PROC          L?0504
  -------         ENDPROC       L?0504
  C:51E8H         SYMBOL        L?0505
  -------         PROC          _FE_DATA_ORGANIZE
  X:0AB7H         SYMBOL        CMD
  X:0ABAH         SYMBOL        Data
  X:0ABDH         SYMBOL        DataNum
  B:0021H.0       SYMBOL        OrgType
  -------         DO            
BL51 BANKED LINKER/LOCATER V6.22                                                      06/16/2016  19:33:40  PAGE 56


  X:0ABFH         SYMBOL        Organize_DataBuffer
  X:0AC1H         SYMBOL        i
  X:0AC3H         SYMBOL        StartPointer0
  X:0AC5H         SYMBOL        StartPointer1
  -------         ENDDO         
  C:51F8H         LINE#         1444
  C:5203H         LINE#         1445
  C:5203H         LINE#         1446
  C:5216H         LINE#         1447
  C:521DH         LINE#         1448
  C:5225H         LINE#         1452
  C:5228H         LINE#         1453
  C:5230H         LINE#         1454
  C:523DH         LINE#         1455
  C:5242H         LINE#         1456
  C:524BH         LINE#         1457
  C:525BH         LINE#         1458
  C:525BH         LINE#         1459
  C:526FH         LINE#         1460
  C:527AH         LINE#         1461
  C:527DH         LINE#         1462
  C:5286H         LINE#         1463
  C:52AEH         LINE#         1464
  C:52C2H         LINE#         1465
  C:52CBH         LINE#         1466
  C:52F0H         LINE#         1467
  C:5304H         LINE#         1468
  C:531BH         LINE#         1469
  C:5329H         LINE#         1470
  C:5332H         LINE#         1471
  C:5348H         LINE#         1472
  C:535CH         LINE#         1473
  C:536CH         LINE#         1474
  C:5374H         LINE#         1475
  C:53A0H         LINE#         1476
  C:53B4H         LINE#         1477
  C:53B9H         LINE#         1478
  C:53D5H         LINE#         1479
  C:53F7H         LINE#         1483
  C:53FDH         LINE#         1484
  C:540CH         LINE#         1485
  C:541AH         LINE#         1486
  C:541FH         LINE#         1487
  -------         ENDPROC       _FE_DATA_ORGANIZE
  C:704DH         SYMBOL        L?0512
  -------         PROC          L?0511
  -------         ENDPROC       L?0511
  C:704DH         SYMBOL        L?0512
  -------         PROC          _DELAY_MS
  D:0006H         SYMBOL        ms
  -------         DO            
  D:0004H         SYMBOL        k
  D:0001H         SYMBOL        i
  D:0003H         SYMBOL        j
  -------         ENDDO         
  C:7051H         LINE#         1490
  C:7051H         LINE#         1493
BL51 BANKED LINKER/LOCATER V6.22                                                      06/16/2016  19:33:40  PAGE 57


  C:705BH         LINE#         1494
  C:705CH         LINE#         1495
  C:705DH         LINE#         1496
  C:705FH         LINE#         1497
  C:7061H         LINE#         1499
  C:7061H         LINE#         1500
  C:7063H         LINE#         1501
  C:7065H         LINE#         1502
  C:706CH         LINE#         1504
  -------         ENDPROC       _DELAY_MS
  -------         PROC          _DELAY_US
  D:0006H         SYMBOL        us
  -------         DO            
  D:0004H         SYMBOL        k
  D:0003H         SYMBOL        i
  -------         ENDDO         
  C:709BH         LINE#         1505
  C:709BH         LINE#         1508
  C:70A5H         LINE#         1509
  C:70A7H         LINE#         1510
  C:70A9H         LINE#         1511
  C:70B0H         LINE#         1512
  -------         ENDPROC       _DELAY_US
  -------         ENDMOD        UTILSFUNCTION

  -------         MODULE        DS1302
  C:0000H         SYMBOL        _ICE_DUMMY_
  D:0080H         PUBLIC        P0
  D:0090H         PUBLIC        P1
  D:00A0H         PUBLIC        P2
  D:00B0H         PUBLIC        P3
  D:00C0H         PUBLIC        P4
  D:00C8H         PUBLIC        P5
  D:00E8H         PUBLIC        P6
  D:00F8H         PUBLIC        P7
  D:00A8H         PUBLIC        IE
  C:7156H         PUBLIC        _delay
  C:713CH         PUBLIC        ds1302_clear_WP
  D:00B8H         PUBLIC        IP
  C:70C3H         PUBLIC        _ds1302_read
  D:00D8H         PUBLIC        CCON
  C:717CH         PUBLIC        ds1302_reset
  C:70B1H         PUBLIC        _ds1302_write
  C:6FB6H         PUBLIC        _ds1302_read_time
  D:0098H         PUBLIC        SCON
  C:7084H         PUBLIC        ds1302_read_byte
  D:0088H         PUBLIC        TCON
  C:1FEBH         PUBLIC        _ds1302_write_byte
  C:7149H         PUBLIC        ds1302_set_WP
  B:00B0H.5       PUBLIC        SDA
  C:62BDH         PUBLIC        _ds1302_set_time
  B:00B0H.4       PUBLIC        SCK
  B:00C8H.5       PUBLIC        RST
  D:00D0H         PUBLIC        PSW
  -------         PROC          DS1302_RESET
  C:717CH         LINE#         7
  C:717CH         LINE#         8
BL51 BANKED LINKER/LOCATER V6.22                                                      06/16/2016  19:33:40  PAGE 58


  C:717CH         LINE#         9
  C:717EH         LINE#         10
  C:7180H         LINE#         11
  C:7182H         LINE#         12
  -------         ENDPROC       DS1302_RESET
  -------         PROC          L?0030
  -------         ENDPROC       L?0030
  -------         PROC          _DS1302_WRITE_BYTE
  D:0007H         SYMBOL        dat
  -------         DO            
  D:0006H         SYMBOL        i
  -------         ENDDO         
  C:1FEBH         LINE#         15
  C:1FEBH         LINE#         16
  C:1FEBH         LINE#         19
  C:1FEDH         LINE#         20
  C:1FEDH         LINE#         21
  C:1FF1H         LINE#         22
  C:1FF3H         LINE#         23
  C:1FF5H         LINE#         24
  C:1FF9H         LINE#         25
  C:1FFEH         LINE#         26
  -------         ENDPROC       _DS1302_WRITE_BYTE
  -------         PROC          DS1302_READ_BYTE
  -------         DO            
  D:0006H         SYMBOL        i
  D:0007H         SYMBOL        dat
  -------         ENDDO         
  C:7084H         LINE#         34
  C:7084H         LINE#         35
  C:7084H         LINE#         36
  C:7086H         LINE#         37
  C:7087H         LINE#         38
  C:7087H         LINE#         40
  C:708BH         LINE#         41
  C:708EH         LINE#         42
  C:7091H         LINE#         43
  C:7093H         LINE#         44
  C:7095H         LINE#         46
  C:709AH         LINE#         47
  C:709AH         LINE#         48
  -------         ENDPROC       DS1302_READ_BYTE
  -------         PROC          DS1302_CLEAR_WP
  C:713CH         LINE#         51
  C:713CH         LINE#         52
  C:713CH         LINE#         53
  C:713CH         LINE#         54
  C:713CH         LINE#         55
  C:713FH         LINE#         56
  C:7144H         LINE#         58
  C:7146H         LINE#         59
  C:7148H         LINE#         61
  -------         ENDPROC       DS1302_CLEAR_WP
  -------         PROC          DS1302_SET_WP
  C:7149H         LINE#         64
  C:7149H         LINE#         65
  C:7149H         LINE#         66
BL51 BANKED LINKER/LOCATER V6.22                                                      06/16/2016  19:33:40  PAGE 59


  C:7149H         LINE#         67
  C:7149H         LINE#         68
  C:714CH         LINE#         69
  C:7151H         LINE#         71
  C:7153H         LINE#         72
  C:7155H         LINE#         74
  -------         ENDPROC       DS1302_SET_WP
  -------         PROC          _DS1302_WRITE
  D:0007H         SYMBOL        addr
  D:0005H         SYMBOL        dat
  C:70B1H         LINE#         79
  C:70B1H         LINE#         80
  C:70B1H         LINE#         81
  C:70B4H         LINE#         82
  C:70B6H         LINE#         83
  C:70B9H         LINE#         84
  C:70BEH         LINE#         86
  C:70C0H         LINE#         87
  C:70C2H         LINE#         88
  -------         ENDPROC       _DS1302_WRITE
  -------         PROC          _DS1302_READ
  D:0007H         SYMBOL        addr
  -------         DO            
  D:0006H         SYMBOL        temp
  -------         ENDDO         
  C:70C3H         LINE#         91
  C:70C3H         LINE#         92
  C:70C3H         LINE#         93
  C:70C5H         LINE#         94
  C:70C8H         LINE#         95
  C:70CAH         LINE#         96
  C:70CDH         LINE#         97
  C:70D0H         LINE#         99
  C:70D2H         LINE#         100
  C:70D4H         LINE#         101
  C:70D4H         LINE#         102
  -------         ENDPROC       _DS1302_READ
  -------         PROC          _DELAY
  D:0006H         SYMBOL        n
  C:7156H         LINE#         104
  C:7156H         LINE#         105
  C:7156H         LINE#         106
  C:7160H         LINE#         107
  -------         ENDPROC       _DELAY
  -------         PROC          _DS1302_SET_TIME
  X:0C6FH         SYMBOL        timedata
  -------         DO            
  D:0004H         SYMBOL        i
  X:0C72H         SYMBOL        temp
  -------         ENDDO         
  C:62BDH         LINE#         115
  C:62C8H         LINE#         116
  C:62C8H         LINE#         118
  C:62CBH         LINE#         119
  C:62CCH         LINE#         120
  C:62CCH         LINE#         121
  C:62E8H         LINE#         122
BL51 BANKED LINKER/LOCATER V6.22                                                      06/16/2016  19:33:40  PAGE 60


  C:62FAH         LINE#         123
  C:6313H         LINE#         124
  C:6318H         LINE#         125
  C:631BH         LINE#         126
  C:6321H         LINE#         127
  C:6323H         LINE#         128
  C:6323H         LINE#         129
  C:633FH         LINE#         130
  C:6346H         LINE#         131
  C:634BH         LINE#         132
  -------         ENDPROC       _DS1302_SET_TIME
  -------         PROC          _DS1302_READ_TIME
  X:0C73H         SYMBOL        timedata
  -------         DO            
  D:0004H         SYMBOL        i
  D:0005H         SYMBOL        temp
  -------         ENDDO         
  C:6FB6H         LINE#         139
  C:6FC1H         LINE#         140
  C:6FC1H         LINE#         142
  C:6FC3H         LINE#         143
  C:6FC5H         LINE#         144
  C:6FC5H         LINE#         145
  C:6FDEH         LINE#         146
  C:6FE0H         LINE#         147
  C:6FE5H         LINE#         148
  -------         ENDPROC       _DS1302_READ_TIME
  -------         ENDMOD        DS1302

  -------         MODULE        SC50X0B
  C:0000H         SYMBOL        _ICE_DUMMY_
  D:0080H         PUBLIC        P0
  D:0090H         PUBLIC        P1
  C:6B19H         PUBLIC        _SC50x0B_Out
  D:00A0H         PUBLIC        P2
  D:00B0H         PUBLIC        P3
  D:00C0H         PUBLIC        P4
  D:00C8H         PUBLIC        P5
  D:00E8H         PUBLIC        P6
  D:00F8H         PUBLIC        P7
  D:00A8H         PUBLIC        IE
  D:00B8H         PUBLIC        IP
  D:00D8H         PUBLIC        CCON
  D:0098H         PUBLIC        SCON
  D:0088H         PUBLIC        TCON
  C:7161H         PUBLIC        SC50x0B_Busy
  D:00D0H         PUBLIC        PSW
  -------         PROC          _SC50X0B_OUT
  X:0C48H         SYMBOL        segdata
  -------         DO            
  X:0C49H         SYMBOL        i
  -------         ENDDO         
  C:6B19H         LINE#         49
  C:6B1EH         LINE#         50
  C:6B1EH         LINE#         53
  C:6B21H         LINE#         54
  C:6B28H         LINE#         55
BL51 BANKED LINKER/LOCATER V6.22                                                      06/16/2016  19:33:40  PAGE 61


  C:6B2DH         LINE#         56
  C:6B2DH         LINE#         57
  C:6B30H         LINE#         58
  C:6B37H         LINE#         59
  C:6B37H         LINE#         60
  C:6B3EH         LINE#         61
  C:6B41H         LINE#         62
  C:6B45H         LINE#         63
  C:6B47H         LINE#         65
  C:6B47H         LINE#         66
  C:6B4EH         LINE#         67
  C:6B51H         LINE#         68
  C:6B58H         LINE#         69
  C:6B58H         LINE#         70
  C:6B5FH         LINE#         71
  C:6B69H         LINE#         72
  C:6B6CH         LINE#         73
  C:6B6EH         LINE#         74
  -------         ENDPROC       _SC50X0B_OUT
  -------         PROC          SC50X0B_BUSY
  C:7161H         LINE#         78
  C:7161H         LINE#         79
  C:7161H         LINE#         80
  C:7166H         LINE#         81
  C:7169H         LINE#         83
  C:716BH         LINE#         84
  -------         ENDPROC       SC50X0B_BUSY
  -------         ENDMOD        SC50X0B

  -------         MODULE        ?C?COPY
  C:4843H         PUBLIC        ?C?COPY
  -------         ENDMOD        ?C?COPY

  -------         MODULE        ?C?CLDPTR
  C:4869H         PUBLIC        ?C?CLDPTR
  -------         ENDMOD        ?C?CLDPTR

  -------         MODULE        ?C?CLDOPTR
  C:4882H         PUBLIC        ?C?CLDOPTR
  -------         ENDMOD        ?C?CLDOPTR

  -------         MODULE        ?C?CILDOPTR
  C:48AFH         PUBLIC        ?C?CILDOPTR
  -------         ENDMOD        ?C?CILDOPTR

  -------         MODULE        ?C?CSTPTR
  C:48E2H         PUBLIC        ?C?CSTPTR
  -------         ENDMOD        ?C?CSTPTR

  -------         MODULE        ?C?CSTOPTR
  C:48F4H         PUBLIC        ?C?CSTOPTR
  -------         ENDMOD        ?C?CSTOPTR

  -------         MODULE        ?C?IMUL
  C:4916H         PUBLIC        ?C?IMUL
  -------         ENDMOD        ?C?IMUL

BL51 BANKED LINKER/LOCATER V6.22                                                      06/16/2016  19:33:40  PAGE 62


  -------         MODULE        ?C?IILDX
  C:4928H         PUBLIC        ?C?IILDX
  -------         ENDMOD        ?C?IILDX

  -------         MODULE        ?C?ILDIX
  C:493EH         PUBLIC        ?C?ILDIX
  -------         ENDMOD        ?C?ILDIX

  -------         MODULE        ?C?ISTPTR
  C:4954H         PUBLIC        ?C?ISTPTR
  -------         ENDMOD        ?C?ISTPTR

  -------         MODULE        ?C?LMUL
  C:4973H         PUBLIC        ?C?LMUL
  -------         ENDMOD        ?C?LMUL

  -------         MODULE        ?C?LNOT
  C:49C2H         PUBLIC        ?C?LNOT
  -------         ENDMOD        ?C?LNOT

  -------         MODULE        ?C?ULCMP
  C:49CFH         PUBLIC        ?C?ULCMP
  -------         ENDMOD        ?C?ULCMP

  -------         MODULE        ?C?ULSHR
  C:49E0H         PUBLIC        ?C?ULSHR
  -------         ENDMOD        ?C?ULSHR

  -------         MODULE        ?C?LLDCODE
  C:49F3H         PUBLIC        ?C?LLDCODE
  -------         ENDMOD        ?C?LLDCODE

  -------         MODULE        ?C?LLDCODE0
  C:4A03H         PUBLIC        ?C?LLDCODE0
  -------         ENDMOD        ?C?LLDCODE0

  -------         MODULE        ?C?LSTXDATA
  C:4A13H         PUBLIC        ?C?LSTXDATA
  -------         ENDMOD        ?C?LSTXDATA

  -------         MODULE        ?C?LSTKXDATA
  C:4A1FH         PUBLIC        ?C?LSTKXDATA
  -------         ENDMOD        ?C?LSTKXDATA

  -------         MODULE        ?C?MEMSET
  C:4A50H         PUBLIC        ?C?MEMSET
  -------         ENDMOD        ?C?MEMSET

*** WARNING L16: UNCALLED SEGMENT, IGNORED FOR OVERLAY PROCESS
    SEGMENT: ?PR?SFLASH_READID?FLASHFUNCTION

*** WARNING L16: UNCALLED SEGMENT, IGNORED FOR OVERLAY PROCESS
    SEGMENT: ?PR?SFLASH_ERASEFLASH?FLASHFUNCTION

*** WARNING L16: UNCALLED SEGMENT, IGNORED FOR OVERLAY PROCESS
    SEGMENT: ?PR?_FLASH_W25Q64_FILL?FLASHFUNCTION

BL51 BANKED LINKER/LOCATER V6.22                                                      06/16/2016  19:33:40  PAGE 63


*** WARNING L16: UNCALLED SEGMENT, IGNORED FOR OVERLAY PROCESS
    SEGMENT: ?PR?_LD9900MT_TEMPLATENUM?LD9900MT

*** WARNING L16: UNCALLED SEGMENT, IGNORED FOR OVERLAY PROCESS
    SEGMENT: ?PR?_LD9900MT_SETSYSPARM?LD9900MT

*** WARNING L16: UNCALLED SEGMENT, IGNORED FOR OVERLAY PROCESS
    SEGMENT: ?PR?_LD9900MT_GETSYSPARM?LD9900MT

*** WARNING L16: UNCALLED SEGMENT, IGNORED FOR OVERLAY PROCESS
    SEGMENT: ?PR?_SEARCHFINGERSTORENUMBER?UTILSFUNCTION

*** WARNING L16: UNCALLED SEGMENT, IGNORED FOR OVERLAY PROCESS
    SEGMENT: ?PR?_DELAY?DS1302

*** WARNING L16: UNCALLED SEGMENT, IGNORED FOR OVERLAY PROCESS
    SEGMENT: ?PR?_DS1302_SET_TIME?DS1302

*** WARNING L16: UNCALLED SEGMENT, IGNORED FOR OVERLAY PROCESS
    SEGMENT: ?PR?_DS1302_READ_TIME?DS1302

*** WARNING L15: MULTIPLE CALL TO SEGMENT
    SEGMENT: ?PR?_SC50X0B_OUT?SC50X0B
    CALLER1: ?C_C51STARTUP
    CALLER2: ?PR?TIMER0_INTRUPT_FUNCTION?UTILSFUNCTION

Program Size: data=18.1 xdata=3191 code=25140
LINK/LOCATE RUN COMPLETE.  11 WARNING(S),  0 ERROR(S)
